-- Solver:kissat --
-- -CLIQUE --
Tempo de CPU total = 0.000029
-- Solver:kissat-mab-dc --
-- -CLIQUE --
-- Solver:kissat --
-- 34-CLIQUE --
c ---- [ banner ] ------------------------------------------------------------
c
c Kissat SAT Solver
c 
c Copyright (c) 2021-2024 Armin Biere University of Freiburg
c Copyright (c) 2019-2021 Armin Biere Johannes Kepler University Linz
c 
c Version sc2024 d776b9e1002a822b821e1926835145300580fbea
c gcc (Ubuntu 13.3.0-6ubuntu2~24.04) 13.3.0 -W -Wall -O3 -DNDEBUG
c Sun Jun 29 00:50:36 -03 2025 Linux Asbel 6.11.0-26-generic x86_64
c
c ---- [ parsing ] -----------------------------------------------------------
c
c opened and reading DIMACS file:
c
c   C125.9.cnf
c
c parsed 'p cnf 4250 1023298' header
c closing input after reading 13813014 bytes (13 MB)
c finished parsing after 0.05 seconds
c
c ---- [ solving ] -----------------------------------------------------------
c
c  seconds switched rate     size/glue tier1    binary      remaining
c         MB reductions conflicts size  tier2     irredundant
c          level restarts redundant glue  trail        variables
c
c *  0.05 12 0 0 0  0 0   0   0 0.0 0 0 0 0 0% 1023264 34 4250 100%
c (  0.05 12 0 0 0  0 0   0   0 0.0 0 0 0 0 0% 1023264 34 4250 100%
c .  0.05 12 0 0 0  0 0   0   0 0.0 0 0 0 0 0% 1023264 34 4250 100%
c f  1.17 29 0 0 0  0 0   0   0 0.0 0 0 0 0 0% 76157 34 15451 364%
c e  1.18 13 0 0 0  0 0   0   0 0.0 0 0 0 0 0% 81791 34 10736 253%
c )  1.18 13 0 0 0  0 0   0   0 0.0 0 0 0 0 0% 81791 34 10736 253%
c {  1.18 13 0 0 0  0 0   0   0 0.0 0 0 2 6 0% 81791 34 10736 253%
c -  1.20 13 30 0 1 12 2 1001 629 1.2 30 26 24 27 64% 81791 34 10736 253%
c }  1.20 13 30 1 1 12 2 1001 629 1.2 30 26 24 27 64% 81791 34 10736 253%
c [  1.20 13 0 1 1 12 0 1001 629 0.0 0 0 2 6 0% 81791 34 10736 253%
c B  1.20 13 0 1 1 12 0 1001 629 0.0 0 0 2 6 0% 81791 34 10736 253%
c ]  1.22 13 135 2 1 12 2 1955 1403 1.2 34 28 25 32 67% 81791 34 10736 253%
c {  1.22 13 30 2 1 12 2 1955 1403 1.2 30 26 24 27 64% 81791 34 10736 253%
c -  1.22 13 32 2 2 12 2 2001 1404 1.2 30 26 24 27 64% 81791 34 10736 253%
c u  1.24 14 43 2 2 12 2 2505 1726 1.2 30 25 24 27 65% 81791 34 10736 253%
c v  1.25 14 43 2 2 12 2 2505 1557 1.2 30 25 24 27 65% 81791 34 10736 253%
c w  1.25 14 43 2 2 12 2 2505 1502 1.2 30 25 24 27 65% 81791 34 10736 253%
c f  1.27 14 43 2 2 12 2 2505 1502 1.2 30 25 24 27 65% 74666 34 13684 322%
c u  1.28 12 43 2 2 12 2 2505 1375 1.2 30 25 24 27 65% 74666 34 13684 322%
c v  1.29 12 43 2 2 12 2 2505 1331 1.2 30 25 24 27 65% 74666 34 13684 322%
c
c  seconds  switched rate       size/glue  tier1      binary       remaining
c         MB reductions conflicts     size    tier2     irredundant
c          level restarts  redundant     glue     trail       variables
c
c w  1.29 12 43 2 2 12 2 2505 1276 1.2 30 25 24 27 65% 74666 34 13684 322%
c }  1.33 12 40 3 2 13 2 2955 1701 1.3 31 25 24 27 63% 74666 34 13684 322%
c [  1.33 12 135 3 2 13 2 2955 1701 1.2 34 28 25 32 67% 74666 34 13684 322%
c W  1.33 12 135 3 2 13 2 2955 1701 1.2 34 28 25 32 67% 74666 34 13684 322%
c -  1.35 12 388 3 3 13 2 3416 1928 1.1 43 38 27 61 64% 74666 34 13684 322%
c ]  1.36 12 534 4 3 14 2 3995 2417 1.1 51 45 27 61 62% 74666 34 13684 322%
c {  1.36 12 40 4 3 14 2 3995 2417 1.3 31 25 24 27 63% 74666 34 13684 322%
c -  1.40 12 39 4 4 247 2 5148 2861 1.2 31 26 24 28 60% 74666 34 13684 322%
c }  1.44 12 37 5 4 320 2 6347 3712 1.2 31 26 24 28 59% 74666 34 13684 322%
c [  1.44 12 534 5 4 320 2 6347 3712 1.1 51 45 27 61 62% 74666 34 13684 322%
c I  1.44 12 534 5 4 320 2 6347 3712 1.1 51 45 27 61 62% 74666 34 13684 322%
c -  1.46 12 608 5 5 320 2 7149 3962 1.1 56 50 35 73 61% 74666 34 13684 322%
c u  1.49 12 563 5 5 321 2 7724 4391 1.3 63 50 35 73 60% 74666 34 13684 322%
c v  1.50 12 563 5 5 321 2 7724 3891 1.3 63 50 35 73 60% 74666 34 13684 322%
c w  1.50 12 563 5 5 321 2 7724 3854 1.3 63 50 35 73 60% 74666 34 13684 322%
c ]  1.54 13 466 6 5 322 2 8724 4643 1.2 73 61 35 73 59% 74666 34 13684 322%
c {  1.54 13 37 6 5 322 2 8724 4643 1.2 31 26 24 28 59% 74666 34 13684 322%
c -  1.56 13 48 6 6 366 3 9387 4362 1.2 31 27 25 28 58% 74666 34 13684 322%
c -  1.66 13 119 6 7 653 9 11837 5646 1.2 32 27 25 29 58% 74666 34 13684 322%
c e  1.71 13 129 6 7 883 15 12517 6307 1.2 32 28 25 29 58% 74401 34 13385 315%
c
c  seconds   switched   rate        size/glue  tier1      binary       remaining
c         MB  reductions  conflicts       size    tier2     irredundant
c           level restarts     redundant     glue     trail       variables
c
c ^  1.71 13 129 6 7 883 15 12517 6307 1.2 32 28 25 29 58% 74401 34 13385 315%
c o  1.71 13 129 6 7 883 15 12517 5075 1.2 32 28 25 29 58% 74401 34 13385 315%
c }  1.73 13 142 7 7 994 22 12793 5349 1.2 33 29 25 29 58% 74401 34 13385 315%
c [  1.74 13 466 7 7 994 2 12793 5349 1.2 73 61 35 73 59% 74401 34 13385 315%
c B  1.74 13 466 7 7 994 2 12793 5349 1.2 73 61 35 73 59% 74401 34 13385 315%
c -  1.78 14 367 7 8 995 2 14484 5787 1.2 77 67 39 91 59% 74401 34 13385 315%
c u  1.82 14 318 7 8 996 2 15823 6829 1.1 78 68 39 91 58% 74401 34 13385 315%
c v  1.83 14 318 7 8 996 2 15823 6809 1.1 78 68 39 91 58% 74401 34 13385 315%
c w  1.84 19 318 7 8 996 2 15823 6807 1.1 78 68 39 91 58% 74401 34 13385 315%
c f  1.86 19 318 7 8 996 2 15823 6807 1.1 78 68 39 91 58% 73292 34 13866 326%
c u  1.87 19 318 7 8 996 2 15823 6769 1.1 78 68 39 91 58% 73292 34 13866 326%
c v  1.88 19 318 7 8 996 2 15823 6700 1.1 78 68 39 91 58% 73292 34 13866 326%
c w  1.88 19 318 7 8 996 2 15823 6699 1.1 78 68 39 91 58% 73292 34 13866 326%
c -  1.95 19 274 7 9 997 2 17312 6754 1.1 74 65 38 85 57% 73292 34 13866 326%
c W  1.97 19 250 7 9 998 2 18325 7528 1.1 71 62 38 85 57% 73292 34 13866 326%
c -  2.02 19 216 7 10 999 2 20312 7924 1.1 67 59 34 76 57% 73292 34 13866 326%
c ]  2.03 19 208 8 10 999 2 20911 8395 1.1 66 58 34 76 57% 73292 34 13866 326%
c {  2.03 19 142 8 10 999 22 20911 8395 1.2 33 29 25 29 58% 73292 34 13866 326%
c -  2.09 19 116 8 11 1023 17 23474 8697 1.2 32 28 25 29 57% 73292 34 13866 326%
c e  2.13 19 106 8 11 1032 15 25053 9892 1.2 32 28 25 29 57% 74421 34 12596 296%
c
c  seconds   switched     rate        size/glue  tier1      binary       remaining
c         MB   reductions   conflicts       size    tier2     irredundant
c           level   restarts     redundant     glue     trail       variables
c
c ^  2.13 19 106 8 11 1032 15 25053 9892 1.2 32 28 25 29 57% 74421 34 12596 296%
c o  2.14 19 106 8 11 1032 15 25053 8968 1.2 32 28 25 29 57% 74421 34 12596 296%
c -  2.19 19 99 8 12 1079 14 26791 8460 1.2 33 28 25 29 58% 74421 34 12596 296%
c u  2.20 19 98 8 12 1080 14 26986 8596 1.2 33 28 25 29 58% 74421 34 12596 296%
c v  2.21 19 98 8 12 1080 14 26986 8590 1.2 33 28 25 29 58% 74421 34 12596 296%
c w  2.21 19 98 8 12 1080 14 26986 8589 1.2 33 28 25 29 58% 74421 34 12596 296%
c f  2.23 19 98 8 12 1080 14 26986 8589 1.2 33 28 25 29 58% 74262 34 12648 298%
c u  2.24 19 98 8 12 1080 14 26986 7743 1.2 33 28 25 29 58% 74262 34 12648 298%
c v  2.25 19 98 8 12 1080 14 26986 7730 1.2 33 28 25 29 58% 74262 34 12648 298%
c w  2.25 19 98 8 12 1080 14 26986 7725 1.2 33 28 25 29 58% 74262 34 12648 298%
c }  2.26 19 99 9 12 1102 14 27070 7806 1.2 33 28 25 29 58% 74262 34 12648 298%
c [  2.26 19 208 9 12 1102 2 27070 7806 1.1 66 58 34 76 57% 74262 34 12648 298%
c O  2.26 19 208 9 12 1102 2 27070 7806 1.1 66 58 34 76 57% 74262 34 12648 298%
c -  2.32 19 170 9 13 1104 2 30256 8962 1.2 60 51 31 66 57% 74262 34 12648 298%
c -  2.38 19 142 9 14 1107 2 33864 10645 1.2 55 47 28 59 58% 74262 34 12648 298%
c ]  2.38 19 142 10 14 1107 2 33864 10645 1.2 55 47 28 59 58% 74262 34 12648 298%
c {  2.38 19 99 10 14 1107 14 33864 10645 1.2 33 28 25 29 58% 74262 34 12648 298%
c }  2.39 19 100 10 14 1123 15 33921 10700 1.2 33 28 25 29 58% 74262 34 12648 298%
c 1  2.39 19 100 10 14 1123 15 33921 10700 1.2 33 28 25 29 58% 74262 34 12648 298%
c
c ---- [ result ] ------------------------------------------------------------
c
s SATISFIABLE
v -1 -2 -3 -4 -5 -6 -7 -8 -9 -10 -11 -12 -13 -14 -15 -16 -17 -18 -19 -20 -21
v -22 -23 -24 -25 -26 -27 -28 -29 -30 -31 -32 -33 -34 -35 -36 -37 -38 -39 -40
v -41 -42 -43 -44 -45 -46 -47 -48 -49 -50 -51 -52 -53 -54 -55 -56 -57 -58 -59
v -60 -61 -62 -63 -64 -65 -66 -67 68 -69 -70 -71 -72 -73 -74 -75 -76 -77 -78
v -79 -80 -81 -82 -83 -84 -85 -86 -87 -88 -89 -90 -91 -92 -93 -94 -95 -96 -97
v -98 -99 -100 -101 -102 -103 -104 -105 -106 -107 -108 -109 -110 -111 -112
v -113 -114 -115 -116 -117 -118 -119 -120 -121 -122 -123 -124 -125 -126 -127
v -128 -129 -130 -131 -132 -133 -134 -135 -136 -137 -138 -139 -140 -141 -142
v -143 -144 -145 -146 -147 -148 -149 -150 -151 -152 -153 -154 -155 -156 -157
v -158 -159 -160 -161 -162 -163 -164 -165 -166 -167 -168 -169 -170 -171 -172
v -173 -174 -175 -176 -177 -178 -179 -180 -181 -182 -183 -184 -185 -186 -187
v -188 -189 -190 -191 -192 -193 -194 -195 -196 -197 -198 -199 -200 -201 -202
v -203 -204 -205 -206 -207 -208 -209 -210 -211 -212 -213 -214 -215 216 -217
v -218 -219 -220 -221 -222 -223 -224 -225 -226 -227 -228 -229 -230 -231 -232
v -233 -234 -235 -236 -237 -238 -239 -240 -241 -242 -243 -244 -245 -246 -247
v -248 -249 -250 -251 -252 -253 -254 -255 -256 -257 -258 -259 -260 -261 -262
v -263 -264 -265 -266 -267 -268 269 -270 -271 -272 -273 -274 -275 -276 -277
v -278 -279 -280 -281 -282 -283 -284 -285 -286 -287 -288 -289 -290 -291 -292
v -293 -294 -295 -296 -297 -298 -299 -300 -301 -302 -303 -304 -305 -306 -307
v -308 -309 -310 -311 -312 -313 -314 -315 -316 -317 -318 -319 -320 -321 -322
v -323 -324 -325 -326 -327 -328 -329 -330 -331 -332 -333 -334 -335 -336 -337
v -338 -339 -340 -341 -342 -343 -344 -345 -346 -347 -348 -349 -350 -351 -352
v -353 -354 -355 -356 -357 -358 -359 -360 -361 -362 -363 -364 -365 -366 -367
v -368 -369 -370 -371 -372 -373 -374 -375 -376 -377 -378 -379 -380 -381 -382
v -383 -384 -385 -386 -387 -388 -389 -390 -391 -392 -393 -394 -395 -396 -397
v -398 -399 -400 -401 -402 -403 -404 -405 -406 -407 -408 -409 -410 -411 -412
v -413 -414 -415 -416 -417 -418 -419 -420 -421 -422 -423 -424 -425 -426 -427
v -428 -429 -430 -431 -432 -433 -434 -435 -436 -437 -438 -439 -440 -441 -442
v -443 -444 -445 -446 -447 -448 -449 -450 -451 -452 -453 -454 -455 -456 457
v -458 -459 -460 -461 -462 -463 -464 -465 -466 -467 -468 -469 -470 -471 -472
v -473 -474 -475 -476 -477 -478 -479 -480 -481 -482 -483 -484 -485 -486 -487
v -488 -489 -490 -491 -492 -493 -494 -495 -496 -497 -498 -499 -500 -501 -502
v -503 -504 -505 -506 -507 -508 509 -510 -511 -512 -513 -514 -515 -516 -517
v -518 -519 -520 -521 -522 -523 -524 -525 -526 -527 -528 -529 -530 -531 -532
v -533 -534 -535 -536 -537 -538 -539 -540 -541 -542 -543 -544 -545 -546 -547
v -548 -549 -550 -551 -552 -553 -554 -555 -556 -557 -558 -559 -560 -561 -562
v -563 -564 -565 -566 -567 -568 -569 -570 -571 -572 -573 -574 -575 -576 -577
v -578 -579 -580 -581 -582 -583 -584 -585 -586 -587 -588 -589 -590 -591 -592
v -593 -594 -595 -596 -597 -598 -599 -600 -601 -602 -603 -604 -605 -606 -607
v -608 -609 -610 -611 -612 -613 -614 -615 -616 -617 -618 -619 -620 -621 -622
v -623 -624 -625 -626 -627 -628 -629 -630 -631 -632 -633 -634 -635 -636 -637
v -638 -639 -640 -641 -642 -643 -644 -645 -646 -647 -648 -649 -650 -651 -652
v -653 -654 -655 -656 -657 -658 -659 -660 -661 -662 -663 -664 -665 -666 -667
v -668 -669 -670 -671 -672 -673 -674 -675 -676 -677 -678 -679 -680 -681 -682
v -683 -684 -685 -686 -687 -688 -689 -690 -691 -692 -693 -694 695 -696 -697
v -698 -699 -700 -701 -702 -703 -704 -705 -706 -707 -708 -709 -710 -711 -712
v -713 -714 -715 -716 -717 -718 -719 -720 -721 -722 -723 -724 -725 -726 -727
v -728 -729 -730 -731 -732 -733 -734 -735 -736 -737 -738 -739 -740 -741 -742
v -743 -744 -745 -746 -747 -748 -749 -750 -751 -752 -753 -754 -755 -756 -757
v -758 -759 -760 -761 -762 -763 -764 -765 -766 -767 -768 -769 -770 -771 -772
v -773 -774 -775 -776 -777 -778 -779 -780 -781 -782 -783 -784 -785 -786 -787
v -788 -789 -790 -791 -792 -793 -794 -795 -796 -797 -798 799 -800 -801 -802
v -803 -804 -805 -806 -807 -808 -809 -810 -811 -812 -813 -814 -815 -816 -817
v -818 -819 -820 -821 -822 -823 -824 -825 -826 -827 -828 -829 -830 -831 -832
v -833 -834 -835 -836 -837 -838 -839 -840 -841 -842 -843 -844 -845 -846 -847
v -848 -849 -850 -851 -852 -853 -854 -855 -856 -857 -858 -859 -860 -861 -862
v -863 -864 -865 -866 -867 -868 -869 -870 -871 -872 -873 -874 -875 -876 -877
v -878 -879 -880 -881 -882 -883 -884 -885 -886 -887 -888 -889 -890 -891 -892
v -893 -894 -895 -896 -897 -898 -899 -900 -901 -902 -903 -904 -905 -906 -907
v -908 -909 -910 -911 -912 -913 -914 -915 -916 -917 -918 919 -920 -921 -922
v -923 -924 -925 -926 -927 -928 -929 -930 -931 -932 -933 -934 -935 -936 -937
v -938 -939 -940 -941 -942 -943 -944 -945 -946 -947 -948 -949 -950 -951 -952
v -953 -954 -955 -956 -957 -958 -959 -960 -961 -962 -963 -964 -965 -966 -967
v -968 -969 -970 -971 -972 -973 -974 -975 -976 -977 -978 -979 -980 -981 -982
v -983 -984 -985 -986 -987 -988 -989 -990 -991 -992 -993 -994 -995 -996 -997
v -998 -999 -1000 -1001 -1002 -1003 -1004 -1005 -1006 -1007 -1008 -1009 -1010
v -1011 -1012 -1013 -1014 -1015 -1016 -1017 -1018 -1019 -1020 -1021 -1022
v -1023 -1024 -1025 -1026 -1027 -1028 -1029 -1030 -1031 -1032 -1033 -1034
v -1035 -1036 -1037 -1038 -1039 -1040 -1041 -1042 -1043 -1044 -1045 -1046
v -1047 -1048 -1049 -1050 -1051 -1052 -1053 -1054 -1055 -1056 -1057 -1058
v -1059 -1060 -1061 -1062 -1063 -1064 -1065 -1066 -1067 -1068 -1069 -1070
v -1071 -1072 -1073 -1074 -1075 -1076 -1077 -1078 -1079 -1080 -1081 -1082
v -1083 -1084 -1085 -1086 -1087 -1088 -1089 -1090 -1091 -1092 -1093 -1094
v -1095 -1096 -1097 -1098 -1099 -1100 -1101 -1102 -1103 1104 -1105 -1106 -1107
v -1108 -1109 -1110 -1111 -1112 -1113 -1114 -1115 -1116 -1117 -1118 -1119
v -1120 -1121 -1122 -1123 -1124 -1125 -1126 -1127 -1128 -1129 -1130 -1131
v -1132 -1133 -1134 -1135 -1136 -1137 -1138 -1139 -1140 -1141 -1142 -1143
v -1144 -1145 -1146 -1147 -1148 -1149 -1150 -1151 -1152 -1153 -1154 -1155
v -1156 -1157 -1158 -1159 -1160 -1161 -1162 -1163 -1164 -1165 -1166 -1167
v -1168 -1169 -1170 -1171 -1172 -1173 -1174 -1175 -1176 -1177 -1178 -1179
v -1180 -1181 -1182 -1183 -1184 -1185 -1186 -1187 -1188 -1189 -1190 -1191
v -1192 -1193 -1194 -1195 -1196 -1197 -1198 -1199 -1200 -1201 -1202 -1203
v -1204 -1205 -1206 -1207 -1208 -1209 -1210 -1211 -1212 -1213 -1214 -1215
v -1216 -1217 -1218 -1219 -1220 -1221 -1222 -1223 -1224 -1225 -1226 -1227
v -1228 -1229 -1230 -1231 -1232 -1233 -1234 -1235 1236 -1237 -1238 -1239 -1240
v -1241 -1242 -1243 -1244 -1245 -1246 -1247 -1248 -1249 -1250 -1251 -1252
v -1253 -1254 -1255 -1256 -1257 -1258 -1259 -1260 -1261 -1262 -1263 -1264
v -1265 -1266 -1267 -1268 -1269 -1270 -1271 -1272 -1273 -1274 -1275 -1276
v -1277 -1278 -1279 -1280 -1281 -1282 -1283 -1284 -1285 -1286 -1287 -1288
v -1289 -1290 -1291 -1292 -1293 -1294 -1295 -1296 -1297 -1298 -1299 -1300
v -1301 -1302 -1303 -1304 -1305 -1306 -1307 -1308 -1309 -1310 -1311 -1312
v -1313 -1314 -1315 -1316 -1317 -1318 -1319 -1320 -1321 -1322 -1323 -1324
v -1325 -1326 -1327 -1328 -1329 -1330 -1331 -1332 -1333 -1334 -1335 -1336
v -1337 -1338 -1339 -1340 -1341 -1342 -1343 -1344 -1345 -1346 -1347 -1348
v -1349 -1350 -1351 -1352 -1353 -1354 -1355 -1356 -1357 -1358 -1359 -1360
v -1361 -1362 -1363 1364 -1365 -1366 -1367 -1368 -1369 -1370 -1371 -1372 -1373
v -1374 -1375 -1376 -1377 -1378 -1379 -1380 -1381 -1382 -1383 -1384 -1385
v -1386 -1387 -1388 -1389 -1390 -1391 -1392 -1393 -1394 -1395 -1396 -1397
v -1398 -1399 -1400 -1401 -1402 -1403 -1404 -1405 -1406 -1407 -1408 -1409
v -1410 -1411 -1412 -1413 -1414 -1415 -1416 -1417 -1418 -1419 -1420 -1421
v -1422 -1423 -1424 -1425 -1426 -1427 -1428 -1429 -1430 -1431 -1432 -1433
v -1434 -1435 -1436 -1437 -1438 -1439 -1440 1441 -1442 -1443 -1444 -1445 -1446
v -1447 -1448 -1449 -1450 -1451 -1452 -1453 -1454 -1455 -1456 -1457 -1458
v -1459 -1460 -1461 -1462 -1463 -1464 -1465 -1466 -1467 -1468 -1469 -1470
v -1471 -1472 -1473 -1474 -1475 -1476 -1477 -1478 -1479 -1480 -1481 -1482
v -1483 -1484 -1485 -1486 -1487 -1488 -1489 -1490 -1491 -1492 -1493 -1494
v -1495 -1496 -1497 -1498 -1499 -1500 -1501 -1502 -1503 -1504 -1505 -1506
v -1507 -1508 -1509 -1510 -1511 -1512 1513 -1514 -1515 -1516 -1517 -1518 -1519
v -1520 -1521 -1522 -1523 -1524 -1525 -1526 -1527 -1528 -1529 -1530 -1531
v -1532 -1533 -1534 -1535 -1536 -1537 -1538 -1539 -1540 -1541 -1542 -1543
v -1544 -1545 -1546 -1547 -1548 -1549 -1550 -1551 -1552 -1553 -1554 -1555
v -1556 -1557 -1558 -1559 -1560 -1561 -1562 -1563 -1564 -1565 -1566 -1567
v -1568 -1569 -1570 -1571 -1572 -1573 -1574 -1575 -1576 -1577 -1578 -1579
v -1580 -1581 -1582 -1583 -1584 -1585 -1586 -1587 -1588 -1589 -1590 -1591
v -1592 -1593 -1594 -1595 -1596 -1597 -1598 -1599 -1600 -1601 -1602 -1603
v -1604 -1605 -1606 -1607 -1608 -1609 -1610 -1611 -1612 -1613 -1614 -1615
v -1616 -1617 -1618 -1619 -1620 -1621 -1622 -1623 -1624 -1625 -1626 -1627
v -1628 -1629 -1630 -1631 -1632 -1633 -1634 -1635 -1636 -1637 -1638 -1639
v -1640 -1641 -1642 -1643 -1644 -1645 -1646 -1647 -1648 -1649 -1650 -1651
v -1652 -1653 -1654 -1655 -1656 -1657 -1658 -1659 -1660 -1661 -1662 -1663
v -1664 -1665 -1666 -1667 -1668 -1669 -1670 -1671 -1672 -1673 -1674 -1675
v -1676 -1677 -1678 -1679 -1680 -1681 -1682 -1683 -1684 -1685 -1686 -1687
v -1688 -1689 -1690 -1691 -1692 -1693 -1694 -1695 -1696 -1697 -1698 -1699
v -1700 -1701 -1702 -1703 -1704 -1705 -1706 -1707 -1708 -1709 -1710 -1711
v -1712 -1713 -1714 -1715 -1716 -1717 -1718 -1719 -1720 -1721 -1722 -1723
v -1724 -1725 -1726 -1727 -1728 -1729 -1730 -1731 -1732 -1733 -1734 -1735
v -1736 -1737 -1738 -1739 -1740 -1741 -1742 -1743 -1744 -1745 -1746 1747 -1748
v -1749 -1750 -1751 -1752 -1753 -1754 -1755 -1756 -1757 -1758 -1759 -1760
v -1761 -1762 -1763 -1764 -1765 -1766 -1767 -1768 -1769 -1770 -1771 -1772
v -1773 -1774 -1775 -1776 -1777 -1778 -1779 -1780 -1781 -1782 -1783 -1784
v -1785 -1786 -1787 -1788 -1789 -1790 -1791 -1792 -1793 -1794 -1795 -1796
v -1797 -1798 -1799 -1800 -1801 -1802 -1803 -1804 -1805 -1806 -1807 -1808
v -1809 -1810 -1811 -1812 -1813 -1814 -1815 -1816 -1817 -1818 -1819 -1820
v -1821 -1822 -1823 -1824 -1825 -1826 -1827 -1828 -1829 -1830 -1831 -1832
v -1833 -1834 -1835 -1836 -1837 -1838 -1839 -1840 -1841 -1842 -1843 -1844
v -1845 -1846 -1847 -1848 -1849 -1850 -1851 -1852 -1853 -1854 -1855 -1856
v -1857 -1858 -1859 -1860 -1861 -1862 -1863 -1864 -1865 -1866 -1867 -1868
v -1869 -1870 -1871 -1872 -1873 -1874 1875 -1876 -1877 -1878 -1879 -1880 -1881
v -1882 -1883 -1884 -1885 1886 -1887 -1888 -1889 -1890 -1891 -1892 -1893 -1894
v -1895 -1896 -1897 -1898 -1899 -1900 -1901 -1902 -1903 -1904 -1905 -1906
v -1907 -1908 -1909 -1910 -1911 -1912 -1913 -1914 -1915 -1916 -1917 -1918
v -1919 -1920 -1921 -1922 -1923 -1924 -1925 -1926 -1927 -1928 -1929 -1930
v -1931 -1932 -1933 -1934 -1935 -1936 -1937 -1938 -1939 -1940 -1941 -1942
v -1943 -1944 -1945 -1946 -1947 -1948 -1949 -1950 -1951 -1952 -1953 -1954
v -1955 -1956 -1957 -1958 -1959 -1960 -1961 -1962 -1963 -1964 -1965 -1966
v -1967 -1968 -1969 -1970 -1971 -1972 -1973 -1974 -1975 -1976 -1977 -1978
v -1979 -1980 -1981 -1982 -1983 -1984 -1985 -1986 -1987 -1988 -1989 -1990
v -1991 -1992 -1993 -1994 -1995 -1996 -1997 -1998 -1999 -2000 -2001 -2002
v -2003 -2004 -2005 -2006 2007 -2008 -2009 -2010 -2011 -2012 -2013 -2014 -2015
v -2016 -2017 -2018 -2019 -2020 -2021 -2022 -2023 -2024 -2025 -2026 -2027
v -2028 -2029 -2030 -2031 -2032 -2033 -2034 -2035 -2036 -2037 -2038 -2039
v -2040 -2041 -2042 -2043 -2044 -2045 -2046 -2047 -2048 -2049 -2050 -2051
v -2052 -2053 -2054 -2055 -2056 -2057 -2058 -2059 -2060 -2061 -2062 -2063
v -2064 -2065 -2066 -2067 -2068 -2069 -2070 -2071 -2072 -2073 -2074 -2075
v -2076 -2077 -2078 -2079 -2080 -2081 -2082 -2083 -2084 -2085 -2086 -2087
v -2088 -2089 -2090 -2091 -2092 -2093 -2094 -2095 -2096 -2097 -2098 -2099
v -2100 -2101 -2102 -2103 -2104 -2105 -2106 -2107 -2108 -2109 -2110 -2111
v -2112 -2113 -2114 -2115 -2116 -2117 -2118 -2119 -2120 -2121 -2122 -2123
v -2124 -2125 -2126 -2127 -2128 -2129 -2130 -2131 -2132 -2133 -2134 -2135
v -2136 -2137 -2138 -2139 -2140 -2141 -2142 -2143 -2144 -2145 -2146 -2147
v -2148 -2149 -2150 -2151 -2152 -2153 -2154 -2155 -2156 -2157 -2158 -2159
v -2160 -2161 -2162 -2163 -2164 -2165 -2166 -2167 -2168 -2169 -2170 -2171
v -2172 -2173 -2174 -2175 -2176 -2177 -2178 -2179 -2180 -2181 -2182 -2183
v -2184 -2185 -2186 -2187 -2188 -2189 -2190 -2191 -2192 -2193 -2194 -2195
v -2196 -2197 -2198 -2199 -2200 -2201 2202 -2203 -2204 -2205 -2206 -2207 -2208
v -2209 -2210 -2211 -2212 -2213 -2214 -2215 -2216 -2217 -2218 -2219 -2220
v -2221 -2222 -2223 -2224 -2225 -2226 -2227 -2228 -2229 -2230 -2231 -2232
v -2233 -2234 -2235 -2236 -2237 -2238 -2239 -2240 -2241 -2242 -2243 -2244
v -2245 -2246 -2247 -2248 -2249 -2250 -2251 -2252 -2253 -2254 -2255 -2256
v -2257 -2258 -2259 -2260 -2261 -2262 -2263 -2264 -2265 -2266 -2267 -2268
v -2269 -2270 -2271 -2272 -2273 -2274 -2275 -2276 -2277 -2278 -2279 -2280
v -2281 -2282 -2283 -2284 -2285 -2286 -2287 -2288 -2289 -2290 -2291 -2292
v -2293 -2294 -2295 -2296 -2297 -2298 -2299 -2300 -2301 -2302 -2303 -2304
v -2305 -2306 -2307 -2308 -2309 -2310 -2311 -2312 -2313 -2314 -2315 -2316
v -2317 -2318 -2319 -2320 -2321 -2322 -2323 -2324 -2325 -2326 -2327 -2328
v -2329 -2330 -2331 -2332 -2333 -2334 -2335 -2336 -2337 -2338 -2339 -2340
v -2341 -2342 2343 -2344 -2345 -2346 -2347 -2348 -2349 -2350 -2351 -2352 -2353
v -2354 -2355 -2356 -2357 -2358 -2359 -2360 -2361 -2362 -2363 -2364 -2365
v -2366 -2367 -2368 -2369 -2370 -2371 -2372 -2373 -2374 -2375 -2376 -2377
v -2378 -2379 -2380 -2381 -2382 -2383 -2384 -2385 -2386 -2387 -2388 -2389
v -2390 -2391 -2392 -2393 -2394 -2395 -2396 -2397 -2398 -2399 2400 -2401 -2402
v -2403 -2404 -2405 -2406 -2407 -2408 -2409 -2410 -2411 -2412 -2413 -2414
v -2415 -2416 -2417 -2418 -2419 -2420 -2421 -2422 -2423 -2424 -2425 -2426
v -2427 -2428 -2429 -2430 -2431 -2432 -2433 -2434 -2435 -2436 -2437 -2438
v -2439 -2440 -2441 -2442 -2443 -2444 -2445 -2446 -2447 -2448 -2449 -2450
v -2451 -2452 -2453 -2454 -2455 -2456 -2457 -2458 -2459 -2460 -2461 -2462
v -2463 -2464 -2465 -2466 -2467 -2468 -2469 -2470 -2471 -2472 -2473 -2474
v -2475 -2476 -2477 -2478 -2479 -2480 -2481 -2482 -2483 -2484 -2485 -2486
v -2487 -2488 -2489 -2490 -2491 -2492 -2493 -2494 -2495 -2496 -2497 -2498
v -2499 -2500 -2501 -2502 -2503 -2504 -2505 -2506 -2507 -2508 -2509 -2510
v -2511 -2512 -2513 -2514 -2515 -2516 -2517 -2518 -2519 -2520 -2521 -2522
v -2523 -2524 -2525 -2526 -2527 -2528 -2529 -2530 -2531 -2532 -2533 -2534
v -2535 -2536 -2537 -2538 -2539 -2540 -2541 -2542 -2543 -2544 -2545 -2546
v -2547 -2548 -2549 -2550 -2551 -2552 -2553 -2554 -2555 -2556 -2557 -2558
v -2559 -2560 -2561 -2562 -2563 -2564 -2565 -2566 -2567 -2568 -2569 -2570
v -2571 -2572 -2573 -2574 -2575 -2576 -2577 -2578 -2579 -2580 -2581 -2582
v -2583 -2584 -2585 -2586 -2587 -2588 -2589 -2590 -2591 -2592 -2593 -2594
v -2595 2596 -2597 -2598 -2599 -2600 -2601 -2602 -2603 -2604 -2605 -2606 -2607
v -2608 -2609 -2610 -2611 -2612 -2613 -2614 -2615 -2616 -2617 -2618 -2619
v -2620 -2621 -2622 -2623 -2624 -2625 -2626 -2627 -2628 -2629 -2630 -2631
v -2632 -2633 -2634 -2635 -2636 -2637 -2638 -2639 -2640 -2641 -2642 -2643
v -2644 -2645 -2646 -2647 -2648 -2649 -2650 -2651 -2652 -2653 -2654 -2655
v -2656 -2657 -2658 -2659 -2660 -2661 -2662 -2663 -2664 -2665 -2666 -2667
v -2668 -2669 -2670 -2671 -2672 -2673 -2674 -2675 -2676 -2677 -2678 -2679
v -2680 -2681 -2682 -2683 -2684 -2685 -2686 -2687 -2688 -2689 -2690 -2691
v -2692 -2693 -2694 -2695 -2696 -2697 -2698 -2699 -2700 -2701 -2702 -2703
v -2704 -2705 -2706 -2707 -2708 -2709 -2710 -2711 -2712 -2713 -2714 -2715
v -2716 -2717 -2718 -2719 -2720 -2721 -2722 -2723 -2724 -2725 -2726 -2727
v -2728 -2729 -2730 -2731 -2732 -2733 -2734 2735 -2736 -2737 -2738 -2739 -2740
v -2741 -2742 -2743 -2744 -2745 -2746 -2747 -2748 -2749 -2750 -2751 -2752
v -2753 -2754 -2755 -2756 -2757 -2758 -2759 -2760 -2761 -2762 -2763 -2764
v -2765 -2766 -2767 -2768 -2769 -2770 -2771 -2772 -2773 -2774 -2775 -2776
v -2777 -2778 -2779 -2780 -2781 -2782 -2783 -2784 -2785 -2786 -2787 -2788
v -2789 2790 -2791 -2792 -2793 -2794 -2795 -2796 -2797 -2798 -2799 -2800 -2801
v -2802 -2803 -2804 -2805 -2806 -2807 -2808 -2809 -2810 -2811 -2812 -2813
v -2814 -2815 -2816 -2817 -2818 -2819 -2820 -2821 -2822 -2823 -2824 -2825
v -2826 -2827 -2828 -2829 -2830 -2831 -2832 -2833 -2834 -2835 -2836 -2837
v -2838 -2839 -2840 -2841 -2842 -2843 -2844 -2845 -2846 -2847 -2848 -2849
v -2850 -2851 -2852 -2853 -2854 -2855 -2856 -2857 -2858 -2859 -2860 -2861
v -2862 -2863 -2864 -2865 -2866 -2867 -2868 -2869 -2870 -2871 -2872 -2873
v -2874 -2875 -2876 -2877 -2878 -2879 -2880 -2881 -2882 -2883 -2884 -2885
v -2886 -2887 -2888 -2889 -2890 -2891 -2892 -2893 -2894 -2895 -2896 -2897
v -2898 -2899 -2900 -2901 -2902 -2903 -2904 -2905 -2906 -2907 -2908 2909 -2910
v -2911 -2912 -2913 -2914 -2915 -2916 -2917 -2918 -2919 -2920 -2921 -2922
v -2923 -2924 -2925 -2926 -2927 -2928 -2929 -2930 -2931 -2932 -2933 -2934
v -2935 -2936 -2937 -2938 -2939 -2940 -2941 -2942 -2943 -2944 -2945 -2946
v -2947 -2948 -2949 -2950 -2951 -2952 -2953 -2954 -2955 -2956 -2957 -2958
v -2959 -2960 -2961 -2962 -2963 -2964 -2965 -2966 -2967 -2968 -2969 -2970
v -2971 -2972 -2973 -2974 -2975 -2976 -2977 -2978 -2979 -2980 -2981 -2982
v -2983 -2984 -2985 -2986 -2987 -2988 -2989 -2990 -2991 -2992 -2993 -2994
v -2995 -2996 -2997 -2998 -2999 -3000 -3001 -3002 -3003 -3004 -3005 -3006
v -3007 -3008 -3009 -3010 -3011 -3012 -3013 -3014 -3015 -3016 -3017 -3018
v -3019 -3020 -3021 -3022 -3023 -3024 -3025 -3026 -3027 -3028 -3029 -3030
v -3031 -3032 -3033 -3034 -3035 -3036 -3037 -3038 -3039 -3040 -3041 -3042
v -3043 -3044 -3045 -3046 -3047 -3048 -3049 -3050 -3051 -3052 -3053 -3054
v -3055 -3056 -3057 -3058 -3059 -3060 -3061 -3062 -3063 -3064 -3065 -3066
v -3067 -3068 -3069 -3070 -3071 -3072 -3073 -3074 -3075 -3076 -3077 -3078
v -3079 -3080 -3081 -3082 -3083 -3084 -3085 -3086 -3087 -3088 -3089 -3090
v -3091 -3092 -3093 -3094 -3095 -3096 -3097 3098 -3099 -3100 -3101 -3102 -3103
v -3104 -3105 -3106 -3107 -3108 -3109 -3110 -3111 -3112 -3113 -3114 -3115
v -3116 -3117 -3118 -3119 -3120 -3121 -3122 -3123 -3124 -3125 -3126 -3127
v -3128 -3129 3130 -3131 -3132 -3133 -3134 -3135 -3136 -3137 -3138 -3139 -3140
v -3141 -3142 -3143 -3144 -3145 -3146 -3147 -3148 -3149 -3150 -3151 -3152
v -3153 -3154 -3155 -3156 -3157 -3158 -3159 -3160 -3161 -3162 -3163 -3164
v -3165 -3166 -3167 -3168 -3169 -3170 -3171 -3172 -3173 -3174 -3175 -3176
v -3177 -3178 -3179 -3180 -3181 -3182 -3183 -3184 -3185 -3186 -3187 -3188
v -3189 -3190 -3191 -3192 -3193 -3194 -3195 -3196 -3197 -3198 -3199 -3200
v -3201 -3202 -3203 -3204 -3205 -3206 -3207 -3208 -3209 -3210 -3211 -3212
v -3213 -3214 -3215 -3216 -3217 -3218 -3219 -3220 -3221 -3222 -3223 -3224
v -3225 -3226 -3227 -3228 -3229 -3230 -3231 -3232 -3233 -3234 -3235 -3236
v -3237 -3238 -3239 -3240 -3241 -3242 -3243 -3244 -3245 -3246 -3247 -3248
v -3249 -3250 -3251 -3252 -3253 -3254 -3255 -3256 -3257 -3258 -3259 -3260
v -3261 -3262 -3263 -3264 -3265 -3266 -3267 -3268 -3269 -3270 -3271 -3272
v -3273 -3274 -3275 -3276 -3277 -3278 -3279 -3280 -3281 -3282 -3283 -3284
v -3285 -3286 -3287 -3288 -3289 -3290 -3291 -3292 -3293 -3294 -3295 -3296
v -3297 -3298 -3299 -3300 -3301 -3302 -3303 -3304 -3305 -3306 -3307 -3308
v -3309 -3310 -3311 -3312 -3313 -3314 -3315 -3316 -3317 -3318 -3319 -3320
v -3321 -3322 -3323 -3324 -3325 -3326 -3327 -3328 -3329 3330 -3331 -3332 -3333
v -3334 -3335 -3336 -3337 -3338 -3339 -3340 -3341 -3342 -3343 -3344 -3345
v -3346 -3347 -3348 -3349 -3350 -3351 -3352 -3353 -3354 -3355 -3356 -3357
v -3358 -3359 -3360 -3361 -3362 -3363 -3364 -3365 -3366 -3367 -3368 -3369
v -3370 -3371 -3372 -3373 -3374 -3375 -3376 -3377 -3378 -3379 -3380 -3381
v -3382 -3383 -3384 -3385 -3386 -3387 -3388 -3389 -3390 -3391 -3392 -3393
v -3394 -3395 -3396 -3397 -3398 -3399 -3400 -3401 -3402 -3403 3404 -3405 -3406
v -3407 -3408 -3409 -3410 -3411 -3412 -3413 -3414 -3415 -3416 -3417 -3418
v -3419 -3420 -3421 -3422 -3423 -3424 -3425 -3426 -3427 -3428 -3429 -3430
v -3431 -3432 -3433 -3434 -3435 -3436 -3437 -3438 -3439 -3440 -3441 -3442
v -3443 -3444 -3445 -3446 -3447 -3448 -3449 -3450 -3451 -3452 -3453 -3454
v -3455 -3456 -3457 -3458 -3459 -3460 -3461 -3462 -3463 -3464 -3465 -3466
v -3467 -3468 -3469 -3470 -3471 -3472 -3473 -3474 -3475 -3476 -3477 -3478
v -3479 -3480 -3481 -3482 -3483 -3484 -3485 -3486 -3487 -3488 -3489 -3490
v -3491 -3492 -3493 -3494 -3495 -3496 -3497 -3498 -3499 -3500 -3501 -3502
v -3503 -3504 -3505 -3506 -3507 -3508 -3509 -3510 -3511 -3512 -3513 -3514
v -3515 -3516 -3517 -3518 -3519 -3520 -3521 -3522 -3523 -3524 -3525 -3526
v -3527 -3528 -3529 -3530 -3531 -3532 -3533 -3534 -3535 -3536 -3537 -3538
v -3539 -3540 -3541 -3542 -3543 -3544 -3545 -3546 -3547 -3548 -3549 -3550
v -3551 -3552 -3553 -3554 -3555 -3556 -3557 -3558 -3559 -3560 -3561 -3562
v -3563 -3564 -3565 -3566 -3567 -3568 -3569 -3570 -3571 -3572 -3573 -3574
v -3575 -3576 -3577 -3578 -3579 -3580 -3581 -3582 -3583 -3584 -3585 -3586
v -3587 -3588 -3589 -3590 -3591 -3592 -3593 -3594 -3595 -3596 -3597 -3598
v -3599 -3600 -3601 -3602 -3603 -3604 -3605 -3606 -3607 -3608 -3609 -3610
v -3611 -3612 -3613 -3614 -3615 -3616 3617 -3618 -3619 -3620 -3621 -3622 -3623
v -3624 -3625 -3626 -3627 -3628 -3629 -3630 -3631 -3632 -3633 -3634 -3635
v -3636 -3637 -3638 -3639 -3640 -3641 -3642 -3643 -3644 -3645 -3646 -3647
v -3648 -3649 -3650 -3651 -3652 -3653 -3654 -3655 -3656 -3657 -3658 -3659
v -3660 -3661 -3662 -3663 -3664 -3665 -3666 -3667 -3668 -3669 -3670 -3671
v -3672 -3673 -3674 -3675 -3676 -3677 -3678 -3679 3680 -3681 -3682 -3683 -3684
v -3685 -3686 -3687 -3688 -3689 -3690 -3691 -3692 -3693 -3694 -3695 -3696
v -3697 -3698 -3699 -3700 -3701 -3702 -3703 -3704 -3705 -3706 -3707 -3708
v -3709 -3710 -3711 -3712 -3713 -3714 -3715 -3716 -3717 -3718 -3719 -3720
v -3721 -3722 -3723 -3724 -3725 -3726 -3727 -3728 -3729 -3730 -3731 -3732
v -3733 -3734 -3735 -3736 -3737 -3738 -3739 -3740 -3741 -3742 -3743 -3744
v -3745 -3746 -3747 -3748 -3749 -3750 -3751 -3752 -3753 -3754 -3755 -3756
v -3757 -3758 -3759 -3760 -3761 -3762 -3763 -3764 -3765 -3766 -3767 -3768
v -3769 -3770 -3771 -3772 -3773 -3774 -3775 -3776 -3777 -3778 -3779 -3780
v -3781 -3782 -3783 -3784 -3785 -3786 -3787 -3788 -3789 -3790 -3791 -3792
v -3793 -3794 -3795 -3796 -3797 -3798 -3799 -3800 -3801 -3802 -3803 -3804
v -3805 -3806 -3807 -3808 -3809 -3810 -3811 -3812 -3813 -3814 -3815 -3816 3817
v -3818 -3819 -3820 -3821 -3822 -3823 -3824 -3825 -3826 -3827 -3828 -3829
v -3830 -3831 -3832 -3833 -3834 -3835 -3836 -3837 -3838 -3839 -3840 -3841
v -3842 -3843 -3844 -3845 -3846 -3847 -3848 -3849 -3850 -3851 -3852 -3853
v -3854 -3855 -3856 -3857 -3858 -3859 -3860 -3861 -3862 -3863 -3864 -3865
v -3866 -3867 -3868 -3869 -3870 -3871 -3872 -3873 -3874 -3875 -3876 -3877
v -3878 -3879 -3880 -3881 -3882 -3883 -3884 -3885 -3886 -3887 -3888 -3889
v -3890 -3891 -3892 -3893 -3894 -3895 -3896 -3897 -3898 -3899 -3900 -3901
v -3902 -3903 -3904 -3905 -3906 -3907 -3908 -3909 -3910 -3911 -3912 -3913
v -3914 -3915 -3916 -3917 -3918 -3919 -3920 -3921 -3922 -3923 -3924 -3925
v -3926 3927 -3928 -3929 -3930 -3931 -3932 -3933 -3934 -3935 -3936 -3937 -3938
v -3939 -3940 -3941 -3942 -3943 -3944 -3945 -3946 -3947 -3948 -3949 -3950
v -3951 -3952 -3953 -3954 -3955 -3956 -3957 -3958 -3959 -3960 -3961 -3962
v -3963 -3964 -3965 -3966 -3967 -3968 -3969 -3970 -3971 -3972 -3973 -3974
v -3975 -3976 -3977 -3978 -3979 -3980 -3981 -3982 -3983 -3984 -3985 -3986
v -3987 -3988 -3989 -3990 -3991 -3992 -3993 -3994 -3995 -3996 -3997 -3998
v -3999 -4000 -4001 -4002 -4003 -4004 -4005 -4006 -4007 -4008 -4009 -4010
v -4011 -4012 -4013 -4014 -4015 -4016 -4017 -4018 -4019 -4020 -4021 -4022
v -4023 -4024 -4025 -4026 -4027 -4028 -4029 -4030 -4031 -4032 -4033 -4034
v -4035 -4036 -4037 -4038 -4039 -4040 -4041 -4042 -4043 -4044 -4045 -4046
v -4047 -4048 -4049 -4050 -4051 -4052 -4053 -4054 -4055 -4056 -4057 -4058
v -4059 -4060 -4061 -4062 -4063 -4064 -4065 -4066 -4067 -4068 -4069 -4070
v -4071 -4072 -4073 -4074 -4075 -4076 -4077 -4078 -4079 -4080 -4081 -4082
v -4083 -4084 -4085 -4086 -4087 -4088 -4089 -4090 -4091 -4092 -4093 -4094
v -4095 -4096 -4097 -4098 -4099 -4100 -4101 -4102 4103 -4104 -4105 -4106 -4107
v -4108 -4109 -4110 -4111 -4112 -4113 -4114 -4115 -4116 -4117 -4118 -4119
v -4120 -4121 -4122 -4123 -4124 -4125 -4126 -4127 -4128 -4129 -4130 -4131
v -4132 -4133 -4134 -4135 -4136 -4137 -4138 -4139 -4140 -4141 -4142 -4143
v -4144 -4145 -4146 -4147 -4148 -4149 -4150 -4151 -4152 -4153 -4154 -4155
v -4156 -4157 -4158 -4159 -4160 -4161 -4162 -4163 -4164 -4165 -4166 -4167
v -4168 -4169 -4170 -4171 -4172 -4173 -4174 -4175 -4176 -4177 -4178 -4179
v -4180 -4181 -4182 -4183 -4184 -4185 -4186 -4187 -4188 -4189 -4190 -4191
v -4192 -4193 -4194 -4195 -4196 -4197 -4198 -4199 -4200 -4201 -4202 -4203 4204
v -4205 -4206 -4207 -4208 -4209 -4210 -4211 -4212 -4213 -4214 -4215 -4216
v -4217 -4218 -4219 -4220 -4221 -4222 -4223 -4224 -4225 -4226 -4227 -4228
v -4229 -4230 -4231 -4232 -4233 -4234 -4235 -4236 -4237 -4238 -4239 -4240
v -4241 -4242 -4243 -4244 -4245 -4246 -4247 -4248 -4249 -4250 0
c
c ---- [ profiling ] ---------------------------------------------------------
c
c           1.40   58.69 %  probe
c           1.13   47.14 %  preprocess
c           1.11   46.33 %  factor
c           0.91   38.04 %  search
c           0.47   19.76 %  focused
c           0.44   18.28 %  stable
c           0.30   12.68 %  simplify
c           0.12    4.85 %  vivify
c           0.05    2.30 %  sweep
c           0.05    2.07 %  parse
c           0.05    1.92 %  substitute
c           0.04    1.48 %  backbone
c           0.03    1.38 %  congruence
c           0.03    1.08 %  reduce
c           0.02    0.68 %  eliminate
c           0.01    0.43 %  transitive
c           0.01    0.27 %  walking
c           0.00    0.18 %  fastel
c           0.00    0.07 %  subsume
c           0.00    0.06 %  lucky
c =============================================
c           2.39  100.00 %  total
c
c ---- [ statistics ] --------------------------------------------------------
c
c chronological:                           17                0 %  conflicts
c conflicts:                            33921            14207.55 per second
c decisions:                           245105                7.23 per conflict
c eliminated:                            6284              148 %  variables
c factored:                             14682              345 %  variables
c fast_eliminated:                       4715               75 %  eliminated
c propagations:                      12936972          5418550    per second
c reductions:                              14             2423    interval
c reordered:                                2            16960    interval
c rephased:                                 6             5654    interval
c restarts:                              1123               30    interval
c switched:                                10             3392    interval
c vivified:                              3190               70 %  checks
c walks:                                    2            16960    interval
c
c ---- [ glue usage ] --------------------------------------------------------
c
c focused glue 25 used 5779 clauses 16.39% accumulated 63.62% tier1
c focused glue 26 used 3917 clauses 11.11% accumulated 74.73%
c focused glue 27 used 2815 clauses  7.99% accumulated 82.71%
c focused glue 28 used 1851 clauses  5.25% accumulated 87.96%
c focused glue 29 used 1210 clauses  3.43% accumulated 91.40% tier2
c
c stable glue 28    used  3297 clauses  4.13% accumulated 51.97% tier1
c stable glue 29    used  3461 clauses  4.34% accumulated 56.31%
c stable glue 30-57 used 26645 clauses 33.38% accumulated 89.69%
c stable glue 58    used   233 clauses  0.29% accumulated 89.98%
c stable glue 59    used   174 clauses  0.22% accumulated 90.20% tier2
c
c ---- [ resources ] ---------------------------------------------------------
c
c maximum-resident-set-size:         35192832 bytes         34 MB
c process-time:                             2s               2.39 seconds
c
c ---- [ shutting down ] -----------------------------------------------------
c
c exit 10
Tempo de CPU total = 2.366552
-- Solver:kissat-mab-dc --
-- 34-CLIQUE --
c ---- [ banner ] ------------------------------------------------------------
c
c KISSAT SAT Solver
c Copyright (c) 2019-2020 Armin Biere JKU Linz
c 
c Version 1.0.3 79d8d8f20465e71fd2b0f193b468898cd803a59a
c gcc (Ubuntu 13.3.0-6ubuntu2~24.04) 13.3.0 -W -Wall -O3 -DNEMBEDDED -DNDEBUG -DNMETRICS -DNSTATISTICS
c Tue May 20 11:52:43 -03 2025 Linux Asbel 6.11.0-25-generic x86_64
c
c ---- [ parsing ] -----------------------------------------------------------
c
c opened and reading DIMACS file:
c 
c   C125.9.cnf
c 
c parsed 'p cnf 4250 1023298' header
c closing input after reading 13813014 bytes (13 MB)
c finished parsing after 0.05 seconds
c
c ---- [ solving ] -----------------------------------------------------------
c
c  seconds reductions redundant irredundant
c         MB   restarts    trail       variables
c          level  conflicts   glue          remaining
c
c *  0.05 21 0  0  0   0   0 0% 0 1023298 4250 100%
c {  0.05 21 0  0  0   0   0 0% 0 1023298 4250 100%
c -  0.06 22 33  1  0 301  56 98% 27 1023298 4250 100%
c -  0.07 22 34  2  0 901  98 97% 28 1023298 4250 100%
c }  0.08 22 35  2  0 1001 162 97% 29 1023298 4250 100%
c [  0.08 22 0  2  0 1001 162 0% 0 1023298 4250 100%
c O  0.08 22 46  2  0 1002 163 98% 26 1023298 4250 100%
c ]  0.09 23 42  2  0 1662 499 97% 32 1023298 4250 100%
c {  0.09 23 35  2  0 1662 499 97% 29 1023298 4250 100%
c -  0.10 23 37  3  0 1803 153 97% 29 1023298 4250 100%
c I  0.12 24 40  3  0 3003 892 97% 31 1023298 4250 100%
c -  0.12 23 40  4  0 3003 226 97% 31 1023298 4250 100%
c t  0.14 23 39  4 49 3602 695 98% 31 1023133 4250 100%
c }  0.16 24 39  4 49 3666 739 98% 31 1023133 4250 100%
c [  0.16 24 42  4 49 3666 739 97% 32 1023133 4250 100%
c -  0.19 23 154  5 49 4503 335 99% 34 1023133 4250 100%
c ]  0.19 23 160  5 49 4651 421 99% 36 1023133 4250 100%
c {  0.19 23 39  5 49 4651 421 98% 31 1023133 4250 100%
c B  0.25 27 39  5 106 6004 1428 98% 32 1023133 4250 100%
c -  0.27 23 38  6 131 6306 428 98% 32 1023133 4250 100%
c
c  seconds  reductions   redundant   irredundant
c         MB    restarts       trail        variables
c          level    conflicts      glue          remaining
c
c -  0.36 23 38  7 312 8408 501 98% 33 1023133 4250 100%
c }  0.40 27 38  7 401 9651 1361 98% 33 1023133 4250 100%
c [  0.40 27 160  7 401 9651 1361 99% 36 1023133 4250 100%
c W  0.44 28 128  7 401 10006 1568 99% 35 1023133 4250 100%
c t  0.46 29 93  7 401 10802 2004 98% 35 1022902 4250 100%
c -  0.47 24 93  8 401 10809 509 98% 35 1022902 4250 100%
c -  0.57 25 814  9 403 13510 637 99% 169 1022902 4250 100%
c ]  0.59 26 889  9 404 14422 1316 99% 178 1022902 4250 100%
c {  0.59 26 38  9 404 14422 1316 98% 33 1022902 4250 100%
c O  0.62 28 39  9 439 15007 1789 98% 33 1022902 4250 100%
c -  0.69 25 39 10 487 16514 749 98% 33 1022902 4250 100%
c 2  0.75 28 38 10 487 18000 1871 98% 33 953173 4250 100%
c ^  0.75 28 38 10 487 18000 1871 98% 33 953173 4250 100%
c -  0.84 25 38 11 558 19814 815 98% 33 953173 4250 100%
c B  0.89 28 38 11 563 21009 1801 98% 33 953173 4250 100%
c -  1.03 25 38 12 596 23415 896 98% 33 953173 4250 100%
c }  1.06 27 37 12 604 24422 1606 98% 33 953173 4250 100%
c [  1.06 27 889 12 604 24422 1606 99% 178 953173 4250 100%
c -  1.16 25 720 13 606 27317 899 98% 169 953173 4250 100%
c W  1.21 26 690 13 606 28013 1297 98% 162 953173 4250 100%
c
c  seconds   reductions    redundant   irredundant
c         MB     restarts        trail        variables
c           level     conflicts      glue          remaining
c
c -  1.33 25 526 14 609 31517 995 98% 128 953173 4250 100%
c ]  1.46 34 395 14 610 34939 3478 98% 107 953173 4250 100%
c {  1.46 34 37 14 610 34939 3478 98% 33 953173 4250 100%
c I  1.49 36 38 14 640 36015 4363 98% 33 953173 4250 100%
c -  1.50 27 38 15 641 36017 1096 98% 33 953173 4250 100%
c -  1.64 28 38 16 845 40821 1044 98% 34 953173 4250 100%
c ^  1.70 30 38 16 916 43000 2363 98% 34 953173 4250 100%
c B  1.80 33 38 16 976 45022 3530 98% 34 953173 4250 100%
c -  1.83 28 39 17 979 45924 1061 98% 34 953173 4250 100%
c -  2.05 28 38 18 1046 51326 1235 98% 33 953173 4250 100%
c }  2.07 28 38 18 1084 51939 1714 98% 34 953173 4250 100%
c [  2.07 28 395 18 1084 51939 1714 98% 107 953173 4250 100%
c W  2.20 37 349 18 1086 55027 3671 98% 96 953173 4250 100%
c -  2.25 28 365 19 1086 57027 1176 97% 106 953173 4250 100%
c -  2.50 28 349 20 1090 63028 1462 97% 101 953173 4250 100%
c #  2.59 35 319 20 1091 66026 3638 97% 98 953173 4250 100%
c ]  2.62 38 316 20 1092 67323 4562 97% 97 953173 4250 100%
c {  2.62 38 38 20 1092 67323 4562 98% 34 953173 4250 100%
c -  2.70 29 38 21 1133 69329 1545 98% 33 953173 4250 100%
c -  3.09 29 38 22 1548 75930 1638 98% 34 953173 4250 100%
c
c  seconds  reductions     redundant   irredundant
c         MB     restarts         trail       variables
c          level      conflicts       glue         remaining
c
c B  3.23 34 38 22 1556 78027 3336 98% 34 953173 4250 100%
c ^  3.32 41 39 22 1560 80500 5245 98% 34 953173 4250 100%
c -  3.47 29 39 23 1567 82832 1740 98% 34 953173 4250 100%
c -  3.79 29 38 24 1635 90033 1833 98% 34 953173 4250 100%
c W  3.86 31 38 24 1663 91029 2634 98% 34 953173 4250 100%
c }  3.93 35 38 24 1695 93326 4265 98% 34 953173 4250 100%
c [  3.93 35 316 24 1695 93326 4265 97% 97 953173 4250 100%
c -  4.14 29 317 25 1697 97534 1819 97% 94 953173 4250 100%
c F  4.43 49 281 25 1701 105030 6923 98% 90 953173 4250 100%
c -  4.46 30 279 26 1701 105334 1800 98% 89 953173 4250 100%
c -  4.78 30 313 27 1707 113435 1964 97% 100 953173 4250 100%
c B  5.06 50 298 27 1709 120031 6692 97% 96 953173 4250 100%
c -  5.12 31 357 28 1709 121835 1983 97% 99 953173 4250 100%
c ]  5.29 45 510 28 1709 127229 5287 98% 102 953173 4250 100%
c {  5.29 45 38 28 1709 127229 5287 98% 34 953173 4250 100%
c ^  5.46 55 39 28 1779 130501 7898 98% 34 953173 4250 100%
c -  5.47 31 39 29 1779 130535 1993 98% 34 953173 4250 100%
c W  5.81 47 38 29 1947 136032 6106 98% 34 953173 4250 100%
c -  5.97 35 39 30 2129 139535 2252 98% 34 953173 4250 100%
c -  6.58 35 38 31 2494 148840 2246 98% 34 953173 4250 100%
c
c  seconds  reductions      redundant   irredundant
c         MB     restarts          trail       variables
c          level      conflicts        glue         remaining
c
c O  6.80 45 38 31 2631 153033 5308 98% 34 953173 4250 100%
c -  7.16 35 38 32 2931 158440 2302 98% 34 953173 4250 100%
c }  7.46 52 38 32 3259 164229 6551 98% 34 953173 4250 100%
c [  7.46 52 510 32 3259 164229 6551 98% 102 953173 4250 100%
c -  7.65 35 541 33 3261 168340 2377 98% 107 953173 4250 100%
c B  7.72 39 537 33 3264 171034 4031 98% 109 953173 4250 100%
c -  8.06 36 528 34 3267 178544 2494 98% 110 953173 4250 100%
c -  8.40 36 461 35 3272 189046 2500 98% 101 953173 4250 100%
c W  8.46 36 456 35 3273 190037 3138 98% 100 953173 4250 100%
c ^  8.59 47 493 35 3273 193003 5351 98% 111 953173 4250 100%
c -  8.81 36 493 36 3274 199847 2442 98% 109 953173 4250 100%
c ]  9.06 53 453 36 3279 206904 7363 98% 103 953173 4250 100%
c {  9.06 53 38 36 3279 206904 7363 98% 34 953173 4250 100%
c I  9.22 62 39 36 3310 210038 9918 98% 34 953173 4250 100%
c -  9.25 36 39 37 3338 210948 2646 98% 34 953173 4250 100%
c -  9.87 37 39 38 3572 222350 2691 98% 34 953173 4250 100%
c B 10.36 60 38 38 3948 231048 8519 97% 34 953173 4250 100%
c - 10.48 37 39 39 4014 234050 2692 98% 34 953173 4250 100%
c - 11.20 37 38 40 4119 246050 2845 97% 34 953173 4250 100%
c B 11.63 60 38 40 4215 253052 8119 97% 34 953173 4250 100%
c
c  seconds  reductions       redundant   irredundant
c         MB     restarts           trail       variables
c          level      conflicts         glue         remaining
c
c } 11.83 71 38 40 4307 256904 11079 97% 34 953173 4250 100%
c [ 11.83 71 453 40 4307 256904 11079 98% 103 953173 4250 100%
c - 11.90 37 451 41 4308 258350 3046 98% 101 953173 4250 100%
c ! 12.25 64 434 41 4313 268003 10286 98% 98 953173 4250 100%
c - 12.45 38 419 42 4315 270950 3123 98% 96 953173 4250 100%
c # 12.63 51 393 42 4318 276053 6775 98% 92 953173 4250 100%
c - 13.02 38 365 43 4321 283851 3124 98% 89 953173 4250 100%
c - 13.61 39 336 44 4325 297052 2802 98% 85 953173 4250 100%
c B 13.70 44 331 44 4327 300054 4751 98% 84 953173 4250 100%
c - 14.27 39 350 45 4332 310552 3117 98% 89 953173 4250 100%
c ] 14.35 45 344 45 4334 313693 5274 98% 89 953173 4250 100%
c { 14.35 45 38 45 4334 313693 5274 97% 34 953173 4250 100%
c - 15.07 40 38 46 4644 324360 3484 97% 34 953173 4250 100%
c W 15.14 41 38 46 4665 325055 4028 97% 34 953173 4250 100%
c - 15.92 40 38 47 5427 338467 3602 97% 34 953173 4250 100%
c F 16.81 78 38 47 6288 351057 12271 97% 34 953173 4250 100%
c - 16.93 40 38 48 6351 352867 3430 97% 34 953173 4250 100%
c - 18.74 49 38 49 6499 367567 3931 97% 34 953173 4250 100%
c B 19.89 104 38 49 6736 378059 12443 97% 34 953173 4250 100%
c } 19.90 105 38 49 6744 378693 12943 97% 34 953173 4250 100%
c
c  seconds    reductions       redundant   irredundant
c          MB      restarts           trail       variables
c            level      conflicts         glue         remaining
c
c [ 19.90 105 344 49 6744 378693 12943 98% 89 953173 4250 100%
c - 20.06 49 340 50 6746 382569 4000 98% 88 953173 4250 100%
c - 20.76 49 316 51 6756 397870 3977 98% 87 953173 4250 100%
c W 21.10 48 309 51 6758 406062 9396 98% 87 953173 4250 100%
c - 21.47 29 297 52 6759 413470 3683 98% 86 953173 4250 100%
c - 22.11 32 281 53 6768 429376 4009 98% 88 953173 4250 100%
c O 22.39 44 273 53 6772 435063 8449 98% 87 953173 4250 100%
c - 22.91 33 269 54 6773 445576 4010 98% 87 953173 4250 100%
c - 24.07 35 258 55 6774 462077 3974 98% 88 953173 4250 100%
c B 24.18 39 256 55 6775 465065 6208 98% 87 953173 4250 100%
c ] 24.36 53 265 55 6779 470403 10369 98% 87 953173 4250 100%
c { 24.36 53 38 55 6779 470403 10369 97% 34 953173 4250 100%
c - 24.77 36 38 56 6911 478877 4265 97% 34 953173 4250 100%
c - 25.78 36 38 57 7420 495979 4292 97% 34 953173 4250 100%
c W 25.82 36 38 57 7438 496067 4373 97% 34 953173 4250 100%
c - 26.89 36 38 58 7888 513381 4358 97% 34 953173 4250 100%
c I 27.87 75 38 58 8278 528069 15730 97% 34 953173 4250 100%
c - 28.01 37 38 59 8336 531081 4541 97% 34 953173 4250 100%
c - 29.14 38 38 60 8663 549082 4465 97% 34 953173 4250 100%
c } 29.30 42 38 60 8670 552406 7081 97% 34 953173 4250 100%
c
c  seconds   reductions      redundant   irredundant
c         MB      restarts          trail       variables
c           level      conflicts        glue         remaining
c
c [ 29.30 42 265 60 8670 552406 7081 98% 87 953173 4250 100%
c B 29.70 76 271 60 8676 561070 13918 98% 87 953173 4250 100%
c - 29.98 39 287 61 8679 567383 4684 98% 90 953173 4250 100%
c - 30.84 40 263 62 8684 585983 4561 98% 86 953173 4250 100%
c W 31.15 57 251 62 8690 595071 11130 98% 84 953173 4250 100%
c - 31.74 41 277 63 8695 604887 4765 98% 90 953173 4250 100%
c - 32.51 41 251 64 8700 624089 4501 98% 85 953173 4250 100%
c # 32.66 48 243 64 8700 630073 7575 98% 83 953173 4250 100%
c ] 33.36 99 232 64 8703 643526 15680 98% 83 953173 4250 100%
c { 33.36 99 38 64 8703 643526 15680 97% 34 953173 4250 100%
c - 33.38 42 38 65 8707 643589 3936 97% 34 953173 4250 100%
c - 34.69 43 38 66 10177 663391 4380 97% 34 953173 4250 100%
c B 34.86 49 38 66 10211 666074 6344 97% 34 953173 4250 100%
c - 35.96 43 38 67 11357 683493 4757 97% 34 953173 4250 100%
c W 37.54 103 39 67 12433 703079 19070 97% 34 953173 4250 100%
c - 37.59 43 39 68 12442 703895 4943 97% 34 953173 4250 100%
c - 38.85 44 38 69 12550 724599 4994 97% 34 953173 4250 100%
c F 39.79 84 38 69 12872 741082 15967 97% 34 953173 4250 100%
c } 40.14 103 38 69 12961 744528 18776 97% 34 953173 4250 100%
c [ 40.14 103 232 69 12961 744528 18776 98% 83 953173 4250 100%
c
c  seconds   reductions       redundant   irredundant
c         MB      restarts           trail       variables
c           level       conflicts        glue         remaining
c
c - 40.25 45 231 70 12961 745602 4891 98% 82 953173 4250 100%
c - 41.33 47 270 71 12974 766903 5547 98% 96 953173 4250 100%
c B 41.89 77 257 71 12977 780083 15329 98% 95 953173 4250 100%
c - 42.21 48 284 72 12982 788503 5404 98% 94 953173 4250 100%
c - 43.07 48 257 73 12990 810405 5391 98% 88 953173 4250 100%
c B 43.56 76 244 73 12991 820088 12368 98% 85 953173 4250 100%
c - 44.29 49 233 74 12994 832610 5461 98% 84 953173 4250 100%
c ] 44.77 83 218 74 13001 845644 15451 98% 81 953173 4250 100%
c { 44.77 83 38 74 13001 845644 15451 97% 34 953173 4250 100%
c - 45.39 50 38 75 13212 855111 5844 97% 34 953173 4250 100%
c O 45.72 46 38 75 13286 861089 10579 97% 34 953173 4250 100%
c - 47.24 46 38 76 14008 877914 5865 97% 34 953173 4250 100%
c - 49.26 47 38 77 15110 901019 5736 96% 34 953173 4250 100%
c B 49.35 47 38 77 15117 903090 7343 97% 34 953173 4250 100%
c - 50.53 48 38 78 15455 924420 5980 97% 34 953173 4250 100%
c W 52.06 92 38 78 16250 946093 22547 97% 34 953173 4250 100%
c - 52.21 49 38 79 16253 948121 6047 97% 34 953173 4250 100%
c } 53.73 87 38 79 16708 967644 20715 97% 34 953173 4250 100%
c [ 53.73 87 218 79 16708 967644 20715 98% 81 953173 4250 100%
c - 54.02 50 214 80 16711 972122 5993 98% 80 953173 4250 100%
c
c  seconds   reductions        redundant   irredundant
c         MB      restarts            trail       variables
c           level       conflicts         glue         remaining
c
c I 54.62 79 197 80 16721 990095 19957 98% 76 953173 4250 100%
c - 54.90 53 275 81 16722 996425 6063 98% 88 953173 4250 100%
c ] 55.08 54 316 81 16723 1002724 9764 98% 87 953173 4250 100%
c 1 55.08 54 38 81 16723 1002724 9764 97% 34 953173 4250 100%
c
c ---- [ result ] ------------------------------------------------------------
c
s SATISFIABLE
v -1 -2 -3 -4 -5 -6 -7 -8 -9 -10 -11 -12 -13 -14 -15 -16 -17 -18 -19 -20 -21
v -22 -23 -24 -25 -26 -27 -28 29 -30 -31 -32 -33 -34 -35 -36 -37 -38 -39 -40
v -41 -42 -43 -44 -45 -46 -47 -48 -49 -50 -51 -52 -53 -54 -55 -56 -57 -58 -59
v -60 -61 -62 -63 -64 -65 -66 -67 -68 -69 -70 -71 -72 -73 -74 -75 -76 -77 -78
v -79 -80 -81 -82 -83 -84 -85 -86 -87 -88 -89 -90 -91 -92 -93 -94 -95 -96 -97
v -98 -99 -100 -101 -102 -103 -104 -105 -106 -107 -108 -109 -110 -111 -112
v -113 -114 -115 -116 -117 -118 -119 -120 -121 -122 -123 -124 -125 -126 -127
v -128 -129 -130 -131 -132 -133 -134 -135 -136 -137 -138 -139 -140 -141 -142
v -143 -144 -145 -146 -147 -148 -149 -150 -151 -152 -153 -154 -155 -156 -157
v -158 -159 -160 -161 -162 -163 -164 -165 -166 -167 -168 -169 -170 -171 -172
v -173 -174 -175 -176 177 -178 -179 -180 -181 -182 -183 -184 -185 -186 -187
v -188 -189 -190 -191 -192 -193 -194 -195 -196 -197 -198 -199 -200 -201 -202
v -203 -204 -205 -206 -207 -208 -209 -210 -211 -212 -213 -214 -215 -216 -217
v -218 -219 -220 -221 -222 -223 -224 -225 -226 -227 -228 -229 -230 -231 -232
v -233 -234 -235 -236 -237 -238 -239 -240 -241 -242 -243 -244 -245 -246 -247
v -248 -249 -250 -251 -252 -253 -254 -255 -256 -257 -258 -259 -260 -261 -262
v -263 -264 -265 -266 -267 -268 -269 -270 -271 -272 -273 -274 -275 -276 -277
v -278 -279 -280 -281 -282 -283 -284 -285 -286 -287 -288 -289 -290 -291 -292
v -293 -294 -295 -296 -297 -298 -299 -300 -301 -302 -303 -304 -305 -306 -307
v -308 -309 -310 -311 -312 -313 -314 -315 -316 -317 -318 -319 320 -321 -322
v -323 -324 -325 -326 -327 -328 -329 -330 -331 -332 -333 -334 -335 -336 -337
v -338 -339 -340 -341 -342 -343 -344 -345 -346 -347 -348 -349 -350 -351 -352
v -353 -354 -355 -356 -357 -358 -359 -360 -361 -362 -363 -364 -365 -366 -367
v -368 -369 -370 -371 -372 -373 -374 -375 -376 -377 -378 -379 -380 -381 -382
v -383 -384 -385 -386 -387 -388 -389 -390 -391 -392 -393 -394 -395 -396 -397
v -398 -399 -400 -401 -402 -403 -404 -405 -406 -407 -408 -409 -410 -411 -412
v -413 -414 -415 -416 -417 -418 -419 -420 -421 -422 -423 -424 -425 -426 -427
v -428 -429 -430 -431 -432 -433 -434 -435 -436 -437 -438 -439 -440 -441 -442
v -443 -444 -445 -446 -447 -448 -449 -450 -451 -452 -453 -454 -455 -456 -457
v -458 -459 -460 -461 -462 -463 -464 -465 -466 -467 -468 -469 -470 471 -472
v -473 -474 -475 -476 -477 -478 -479 -480 -481 -482 -483 -484 -485 -486 -487
v -488 -489 -490 -491 -492 -493 -494 -495 -496 -497 -498 -499 -500 -501 -502
v -503 -504 -505 -506 -507 -508 -509 -510 -511 -512 -513 -514 -515 -516 517
v -518 -519 -520 -521 -522 -523 -524 -525 -526 -527 -528 -529 -530 -531 -532
v -533 -534 -535 -536 -537 -538 -539 -540 -541 -542 -543 -544 -545 -546 -547
v -548 -549 -550 -551 -552 -553 -554 -555 -556 -557 -558 -559 -560 -561 -562
v -563 -564 -565 -566 -567 -568 -569 -570 -571 -572 -573 -574 -575 -576 -577
v -578 -579 -580 -581 -582 -583 -584 -585 -586 -587 -588 -589 -590 -591 -592
v -593 -594 -595 -596 -597 -598 -599 -600 -601 -602 -603 -604 -605 -606 -607
v -608 -609 -610 -611 -612 -613 -614 -615 -616 -617 -618 -619 -620 -621 -622
v -623 -624 -625 -626 -627 -628 -629 -630 -631 -632 -633 634 -635 -636 -637
v -638 -639 -640 -641 -642 -643 -644 -645 -646 -647 -648 -649 -650 -651 -652
v -653 -654 -655 -656 -657 -658 -659 -660 -661 -662 -663 -664 -665 -666 -667
v -668 -669 -670 -671 -672 -673 -674 -675 -676 -677 -678 -679 -680 -681 -682
v -683 -684 -685 -686 -687 -688 -689 -690 -691 -692 -693 -694 -695 -696 -697
v -698 -699 -700 -701 -702 -703 -704 -705 -706 -707 -708 -709 -710 -711 -712
v -713 -714 -715 -716 -717 -718 -719 -720 -721 -722 -723 -724 -725 -726 -727
v -728 -729 -730 -731 -732 -733 -734 -735 -736 -737 -738 -739 -740 -741 -742
v -743 -744 -745 -746 -747 -748 -749 -750 -751 -752 -753 -754 -755 -756 -757
v -758 -759 -760 -761 -762 -763 -764 -765 -766 -767 -768 -769 -770 -771 -772
v -773 -774 -775 -776 -777 -778 -779 -780 -781 -782 -783 -784 -785 -786 -787
v -788 -789 -790 -791 -792 -793 -794 -795 -796 -797 -798 -799 -800 -801 -802
v -803 -804 -805 -806 -807 -808 -809 -810 -811 -812 -813 -814 -815 -816 -817
v -818 -819 -820 -821 -822 -823 -824 -825 -826 -827 -828 -829 -830 -831 -832
v -833 -834 -835 -836 -837 -838 -839 -840 -841 -842 -843 -844 -845 -846 -847
v -848 -849 -850 -851 -852 -853 -854 -855 -856 -857 -858 -859 860 -861 -862
v -863 -864 -865 -866 -867 -868 -869 -870 -871 -872 -873 -874 -875 876 -877
v -878 -879 -880 -881 -882 -883 -884 -885 -886 -887 -888 -889 -890 -891 -892
v -893 -894 -895 -896 -897 -898 -899 -900 -901 -902 -903 -904 -905 -906 -907
v -908 -909 -910 -911 -912 -913 -914 -915 -916 -917 -918 -919 -920 -921 -922
v -923 -924 -925 -926 -927 -928 -929 -930 -931 -932 -933 -934 -935 -936 -937
v -938 -939 -940 -941 -942 -943 -944 -945 -946 -947 -948 -949 -950 -951 -952
v -953 -954 -955 -956 -957 -958 -959 -960 -961 -962 -963 -964 -965 -966 -967
v -968 -969 -970 -971 -972 -973 -974 -975 -976 -977 -978 -979 -980 -981 -982
v -983 -984 -985 -986 -987 -988 -989 -990 -991 -992 -993 -994 -995 -996 -997
v -998 -999 -1000 -1001 -1002 -1003 -1004 -1005 -1006 -1007 -1008 -1009 -1010
v -1011 -1012 -1013 -1014 -1015 -1016 -1017 -1018 -1019 -1020 -1021 -1022
v -1023 -1024 -1025 -1026 -1027 -1028 -1029 -1030 1031 -1032 -1033 -1034 -1035
v -1036 -1037 -1038 -1039 -1040 -1041 -1042 -1043 -1044 -1045 -1046 -1047
v -1048 -1049 -1050 -1051 -1052 -1053 -1054 -1055 -1056 -1057 -1058 -1059
v -1060 -1061 -1062 -1063 -1064 -1065 -1066 -1067 -1068 -1069 -1070 -1071
v -1072 -1073 -1074 -1075 -1076 -1077 -1078 -1079 -1080 -1081 -1082 -1083
v -1084 -1085 -1086 -1087 -1088 -1089 -1090 -1091 -1092 -1093 -1094 -1095
v -1096 -1097 -1098 -1099 -1100 -1101 -1102 -1103 -1104 -1105 -1106 -1107
v -1108 -1109 -1110 -1111 -1112 -1113 -1114 -1115 -1116 -1117 -1118 -1119
v -1120 -1121 -1122 -1123 -1124 -1125 -1126 -1127 -1128 -1129 -1130 -1131
v -1132 -1133 -1134 -1135 -1136 -1137 -1138 -1139 -1140 -1141 -1142 -1143
v -1144 -1145 -1146 -1147 -1148 -1149 -1150 -1151 -1152 -1153 -1154 -1155
v -1156 -1157 -1158 -1159 -1160 -1161 -1162 -1163 -1164 -1165 -1166 -1167
v -1168 -1169 -1170 -1171 -1172 -1173 -1174 -1175 -1176 -1177 -1178 -1179
v -1180 -1181 -1182 -1183 -1184 -1185 -1186 -1187 -1188 -1189 -1190 -1191
v -1192 -1193 -1194 -1195 -1196 -1197 -1198 -1199 -1200 -1201 -1202 -1203
v -1204 -1205 -1206 -1207 -1208 -1209 -1210 -1211 -1212 -1213 -1214 -1215
v -1216 -1217 -1218 -1219 -1220 -1221 -1222 -1223 -1224 -1225 -1226 -1227
v -1228 1229 -1230 -1231 -1232 -1233 -1234 -1235 -1236 -1237 -1238 -1239 -1240
v -1241 -1242 -1243 -1244 -1245 -1246 -1247 -1248 -1249 -1250 -1251 -1252
v -1253 -1254 -1255 -1256 -1257 -1258 -1259 -1260 -1261 -1262 -1263 -1264
v -1265 -1266 -1267 -1268 -1269 -1270 -1271 -1272 -1273 -1274 -1275 -1276
v -1277 -1278 -1279 -1280 -1281 -1282 -1283 -1284 -1285 -1286 -1287 -1288
v -1289 -1290 -1291 -1292 -1293 -1294 -1295 -1296 -1297 -1298 -1299 -1300
v -1301 -1302 -1303 -1304 -1305 -1306 -1307 -1308 -1309 -1310 -1311 -1312
v -1313 -1314 -1315 -1316 -1317 -1318 -1319 -1320 -1321 -1322 -1323 -1324
v -1325 -1326 -1327 -1328 -1329 -1330 -1331 -1332 -1333 -1334 -1335 -1336
v -1337 -1338 -1339 -1340 -1341 -1342 -1343 -1344 -1345 -1346 -1347 -1348
v -1349 -1350 -1351 -1352 -1353 -1354 -1355 -1356 -1357 -1358 -1359 -1360
v -1361 -1362 -1363 -1364 -1365 -1366 -1367 -1368 -1369 -1370 -1371 -1372
v -1373 -1374 1375 -1376 -1377 -1378 -1379 -1380 -1381 -1382 -1383 -1384 -1385
v -1386 -1387 -1388 -1389 -1390 -1391 -1392 -1393 -1394 -1395 -1396 -1397
v -1398 -1399 -1400 -1401 -1402 -1403 -1404 -1405 -1406 -1407 -1408 -1409
v -1410 -1411 -1412 -1413 -1414 -1415 -1416 -1417 -1418 1419 -1420 -1421 -1422
v -1423 -1424 -1425 -1426 -1427 -1428 -1429 -1430 -1431 -1432 -1433 -1434
v -1435 -1436 -1437 -1438 -1439 -1440 -1441 -1442 -1443 -1444 -1445 -1446
v -1447 -1448 -1449 -1450 -1451 -1452 -1453 -1454 -1455 -1456 -1457 -1458
v -1459 -1460 -1461 -1462 -1463 -1464 -1465 -1466 -1467 -1468 -1469 -1470
v -1471 -1472 -1473 -1474 -1475 -1476 -1477 -1478 -1479 -1480 -1481 -1482
v -1483 -1484 -1485 -1486 -1487 -1488 -1489 -1490 -1491 -1492 -1493 -1494
v -1495 -1496 -1497 -1498 -1499 -1500 -1501 -1502 -1503 -1504 -1505 -1506
v -1507 -1508 -1509 -1510 1511 -1512 -1513 -1514 -1515 -1516 -1517 -1518 -1519
v -1520 -1521 -1522 -1523 -1524 -1525 -1526 -1527 -1528 -1529 -1530 -1531
v -1532 -1533 -1534 -1535 -1536 -1537 -1538 -1539 -1540 -1541 -1542 -1543
v -1544 -1545 -1546 -1547 -1548 -1549 -1550 -1551 -1552 -1553 -1554 -1555
v -1556 -1557 -1558 -1559 -1560 -1561 -1562 -1563 -1564 -1565 -1566 -1567
v -1568 -1569 -1570 -1571 -1572 -1573 -1574 -1575 -1576 -1577 -1578 -1579
v -1580 -1581 -1582 -1583 -1584 -1585 -1586 -1587 -1588 -1589 -1590 -1591
v -1592 -1593 -1594 -1595 -1596 -1597 -1598 -1599 -1600 -1601 -1602 -1603
v -1604 -1605 -1606 -1607 -1608 -1609 -1610 -1611 -1612 -1613 -1614 -1615
v -1616 -1617 -1618 -1619 -1620 -1621 -1622 -1623 -1624 -1625 -1626 -1627
v -1628 -1629 -1630 -1631 -1632 -1633 -1634 -1635 -1636 -1637 -1638 -1639
v -1640 -1641 -1642 -1643 -1644 -1645 -1646 -1647 -1648 -1649 -1650 -1651
v -1652 -1653 -1654 -1655 -1656 -1657 -1658 -1659 -1660 -1661 -1662 -1663
v -1664 -1665 -1666 -1667 -1668 -1669 -1670 -1671 -1672 -1673 -1674 -1675
v -1676 -1677 -1678 -1679 -1680 -1681 -1682 -1683 -1684 -1685 -1686 -1687
v -1688 -1689 -1690 -1691 -1692 -1693 -1694 -1695 -1696 -1697 -1698 -1699
v -1700 -1701 -1702 -1703 -1704 -1705 -1706 -1707 -1708 -1709 -1710 -1711
v -1712 -1713 -1714 -1715 -1716 -1717 -1718 -1719 -1720 -1721 -1722 1723 -1724
v -1725 -1726 -1727 -1728 -1729 -1730 -1731 -1732 -1733 -1734 -1735 -1736
v -1737 -1738 -1739 -1740 -1741 -1742 -1743 -1744 -1745 -1746 -1747 -1748
v -1749 -1750 -1751 -1752 -1753 -1754 -1755 -1756 -1757 -1758 -1759 -1760
v -1761 -1762 -1763 -1764 -1765 -1766 -1767 -1768 -1769 -1770 -1771 -1772
v -1773 -1774 -1775 -1776 -1777 -1778 -1779 -1780 -1781 -1782 -1783 -1784
v -1785 -1786 -1787 -1788 -1789 -1790 -1791 -1792 -1793 -1794 -1795 -1796
v -1797 -1798 -1799 -1800 -1801 -1802 -1803 -1804 -1805 -1806 -1807 -1808
v -1809 -1810 -1811 -1812 -1813 -1814 -1815 -1816 -1817 -1818 -1819 -1820
v -1821 -1822 -1823 -1824 -1825 -1826 -1827 -1828 -1829 -1830 -1831 -1832
v -1833 -1834 1835 -1836 -1837 -1838 -1839 -1840 -1841 -1842 -1843 -1844 -1845
v -1846 -1847 -1848 -1849 -1850 -1851 -1852 -1853 -1854 -1855 -1856 -1857
v -1858 -1859 -1860 -1861 -1862 -1863 -1864 -1865 -1866 -1867 -1868 -1869
v -1870 -1871 -1872 -1873 -1874 -1875 -1876 -1877 -1878 -1879 -1880 -1881
v -1882 -1883 -1884 -1885 -1886 -1887 -1888 -1889 -1890 -1891 -1892 -1893
v -1894 -1895 -1896 -1897 -1898 -1899 -1900 -1901 -1902 -1903 -1904 -1905
v -1906 -1907 -1908 1909 -1910 -1911 -1912 -1913 -1914 -1915 -1916 -1917 -1918
v -1919 -1920 -1921 -1922 -1923 -1924 -1925 -1926 -1927 -1928 -1929 -1930
v -1931 -1932 -1933 -1934 -1935 -1936 -1937 -1938 -1939 -1940 -1941 -1942
v -1943 -1944 -1945 -1946 -1947 -1948 -1949 -1950 -1951 -1952 -1953 -1954
v -1955 -1956 -1957 -1958 -1959 -1960 -1961 -1962 -1963 -1964 -1965 -1966
v -1967 -1968 -1969 -1970 -1971 -1972 -1973 -1974 -1975 -1976 -1977 -1978
v -1979 -1980 -1981 -1982 -1983 -1984 -1985 -1986 -1987 -1988 -1989 -1990
v -1991 -1992 -1993 -1994 -1995 -1996 -1997 -1998 -1999 -2000 -2001 -2002
v -2003 -2004 -2005 -2006 -2007 -2008 -2009 -2010 -2011 -2012 -2013 -2014
v -2015 -2016 -2017 -2018 -2019 -2020 -2021 -2022 -2023 -2024 -2025 -2026
v -2027 -2028 -2029 -2030 -2031 -2032 -2033 -2034 -2035 -2036 -2037 -2038
v -2039 -2040 -2041 -2042 -2043 -2044 -2045 -2046 -2047 -2048 -2049 -2050
v -2051 -2052 -2053 -2054 -2055 -2056 -2057 -2058 -2059 -2060 -2061 -2062
v -2063 -2064 -2065 -2066 -2067 -2068 -2069 -2070 -2071 -2072 -2073 -2074
v -2075 -2076 -2077 -2078 -2079 -2080 -2081 2082 -2083 -2084 -2085 -2086 -2087
v -2088 -2089 -2090 -2091 -2092 -2093 -2094 -2095 -2096 -2097 -2098 -2099
v -2100 -2101 -2102 -2103 -2104 -2105 -2106 -2107 -2108 -2109 -2110 -2111
v -2112 -2113 -2114 -2115 -2116 -2117 -2118 -2119 -2120 -2121 -2122 -2123
v -2124 -2125 -2126 -2127 -2128 -2129 2130 -2131 -2132 -2133 -2134 -2135 -2136
v -2137 -2138 -2139 -2140 -2141 -2142 -2143 -2144 -2145 -2146 -2147 -2148
v -2149 -2150 -2151 -2152 -2153 -2154 -2155 -2156 -2157 -2158 -2159 -2160
v -2161 -2162 -2163 -2164 -2165 -2166 -2167 -2168 -2169 -2170 -2171 -2172
v -2173 -2174 -2175 -2176 -2177 -2178 -2179 -2180 -2181 -2182 -2183 -2184
v -2185 -2186 -2187 -2188 -2189 -2190 -2191 -2192 -2193 -2194 -2195 -2196
v -2197 -2198 -2199 -2200 -2201 -2202 -2203 -2204 -2205 -2206 -2207 -2208
v -2209 -2210 -2211 -2212 -2213 -2214 -2215 -2216 -2217 -2218 -2219 -2220
v -2221 -2222 -2223 -2224 -2225 -2226 -2227 -2228 -2229 -2230 -2231 -2232
v -2233 -2234 -2235 -2236 -2237 -2238 -2239 -2240 -2241 -2242 -2243 -2244
v -2245 -2246 -2247 -2248 -2249 -2250 -2251 -2252 -2253 -2254 -2255 -2256
v -2257 -2258 -2259 -2260 -2261 -2262 -2263 -2264 -2265 -2266 -2267 -2268 2269
v -2270 -2271 -2272 -2273 -2274 -2275 -2276 -2277 -2278 -2279 -2280 -2281
v -2282 -2283 -2284 -2285 -2286 -2287 -2288 -2289 -2290 -2291 -2292 -2293
v -2294 -2295 -2296 -2297 -2298 -2299 -2300 -2301 -2302 -2303 -2304 -2305
v -2306 -2307 -2308 -2309 -2310 -2311 -2312 -2313 -2314 -2315 -2316 -2317
v -2318 -2319 -2320 -2321 -2322 -2323 -2324 -2325 -2326 -2327 -2328 -2329
v -2330 -2331 -2332 -2333 -2334 -2335 -2336 -2337 -2338 -2339 -2340 -2341
v -2342 -2343 -2344 -2345 -2346 -2347 -2348 -2349 -2350 -2351 -2352 -2353
v -2354 -2355 -2356 -2357 -2358 -2359 -2360 -2361 -2362 -2363 -2364 -2365
v -2366 -2367 -2368 -2369 -2370 -2371 -2372 -2373 -2374 -2375 -2376 -2377
v -2378 -2379 -2380 -2381 -2382 -2383 -2384 -2385 -2386 -2387 -2388 -2389
v -2390 -2391 -2392 -2393 -2394 -2395 -2396 -2397 -2398 -2399 -2400 -2401
v -2402 -2403 -2404 -2405 -2406 -2407 -2408 -2409 -2410 -2411 -2412 -2413
v -2414 -2415 -2416 -2417 -2418 -2419 -2420 -2421 -2422 -2423 -2424 -2425
v -2426 -2427 -2428 -2429 -2430 -2431 -2432 -2433 -2434 -2435 -2436 -2437
v -2438 -2439 -2440 -2441 -2442 -2443 -2444 -2445 -2446 -2447 -2448 -2449
v -2450 -2451 -2452 -2453 -2454 -2455 -2456 -2457 -2458 -2459 -2460 -2461
v -2462 -2463 -2464 -2465 -2466 -2467 -2468 -2469 -2470 -2471 -2472 -2473
v -2474 -2475 -2476 -2477 -2478 -2479 -2480 -2481 -2482 -2483 -2484 -2485
v -2486 -2487 -2488 -2489 -2490 -2491 -2492 -2493 -2494 -2495 -2496 2497 -2498
v -2499 -2500 -2501 -2502 -2503 -2504 -2505 -2506 -2507 -2508 -2509 -2510
v -2511 -2512 -2513 -2514 -2515 -2516 -2517 -2518 -2519 -2520 -2521 -2522
v -2523 -2524 -2525 -2526 -2527 -2528 -2529 -2530 -2531 -2532 -2533 -2534
v -2535 -2536 -2537 -2538 -2539 -2540 -2541 -2542 -2543 -2544 -2545 -2546
v -2547 -2548 2549 -2550 -2551 -2552 -2553 -2554 -2555 -2556 -2557 -2558 -2559
v -2560 -2561 -2562 -2563 -2564 -2565 -2566 -2567 -2568 -2569 -2570 -2571
v -2572 -2573 -2574 -2575 -2576 -2577 -2578 -2579 -2580 -2581 -2582 -2583
v -2584 -2585 -2586 -2587 -2588 -2589 -2590 -2591 -2592 -2593 -2594 -2595
v -2596 -2597 -2598 -2599 -2600 -2601 -2602 -2603 -2604 -2605 -2606 -2607
v -2608 -2609 -2610 -2611 -2612 -2613 -2614 -2615 -2616 -2617 -2618 -2619
v -2620 -2621 -2622 -2623 -2624 -2625 -2626 -2627 -2628 -2629 -2630 -2631
v -2632 -2633 -2634 -2635 -2636 -2637 -2638 -2639 -2640 -2641 -2642 -2643
v -2644 -2645 -2646 -2647 -2648 -2649 -2650 -2651 -2652 -2653 -2654 -2655
v -2656 -2657 -2658 -2659 -2660 -2661 -2662 -2663 -2664 -2665 -2666 -2667
v -2668 -2669 -2670 -2671 -2672 -2673 -2674 -2675 -2676 -2677 -2678 -2679
v -2680 -2681 -2682 -2683 -2684 -2685 -2686 -2687 -2688 -2689 -2690 -2691
v -2692 -2693 -2694 -2695 -2696 -2697 -2698 -2699 -2700 -2701 -2702 -2703
v -2704 -2705 -2706 -2707 -2708 -2709 -2710 -2711 -2712 -2713 -2714 -2715
v -2716 -2717 -2718 -2719 -2720 -2721 -2722 -2723 -2724 -2725 -2726 -2727
v -2728 -2729 -2730 -2731 -2732 -2733 -2734 -2735 -2736 -2737 -2738 2739 -2740
v -2741 -2742 -2743 -2744 -2745 -2746 -2747 -2748 -2749 -2750 -2751 -2752
v -2753 -2754 -2755 -2756 -2757 -2758 -2759 -2760 -2761 -2762 -2763 -2764
v -2765 -2766 -2767 -2768 -2769 -2770 -2771 -2772 -2773 -2774 -2775 -2776
v -2777 -2778 -2779 -2780 -2781 -2782 -2783 -2784 -2785 -2786 -2787 -2788
v -2789 -2790 -2791 -2792 -2793 -2794 -2795 -2796 -2797 -2798 -2799 -2800
v -2801 -2802 -2803 -2804 2805 -2806 -2807 -2808 -2809 -2810 -2811 -2812 -2813
v -2814 -2815 -2816 -2817 -2818 -2819 -2820 -2821 -2822 -2823 -2824 -2825
v -2826 -2827 -2828 -2829 -2830 -2831 -2832 -2833 -2834 -2835 -2836 -2837
v -2838 -2839 -2840 -2841 -2842 -2843 -2844 -2845 -2846 -2847 -2848 -2849
v -2850 -2851 -2852 -2853 -2854 -2855 -2856 -2857 -2858 -2859 -2860 -2861
v -2862 -2863 -2864 -2865 -2866 -2867 -2868 -2869 -2870 -2871 -2872 -2873
v -2874 -2875 -2876 -2877 -2878 -2879 -2880 -2881 -2882 -2883 -2884 -2885
v -2886 -2887 -2888 -2889 -2890 -2891 -2892 -2893 -2894 -2895 -2896 -2897
v -2898 -2899 -2900 -2901 -2902 -2903 -2904 -2905 -2906 -2907 -2908 -2909
v -2910 -2911 -2912 -2913 -2914 -2915 -2916 -2917 -2918 -2919 -2920 -2921
v -2922 -2923 -2924 -2925 -2926 -2927 -2928 -2929 -2930 -2931 -2932 -2933
v -2934 -2935 -2936 -2937 -2938 -2939 -2940 -2941 -2942 -2943 -2944 -2945
v -2946 -2947 -2948 -2949 -2950 -2951 2952 -2953 -2954 -2955 -2956 -2957 -2958
v -2959 -2960 -2961 -2962 -2963 -2964 -2965 -2966 -2967 -2968 -2969 -2970
v -2971 -2972 -2973 -2974 -2975 -2976 -2977 -2978 -2979 -2980 -2981 -2982
v -2983 -2984 -2985 -2986 -2987 -2988 -2989 -2990 -2991 -2992 -2993 -2994
v -2995 -2996 -2997 -2998 -2999 -3000 -3001 -3002 -3003 -3004 -3005 -3006
v -3007 -3008 -3009 -3010 -3011 -3012 -3013 -3014 -3015 -3016 -3017 -3018
v -3019 -3020 -3021 -3022 -3023 -3024 3025 -3026 -3027 -3028 -3029 -3030 -3031
v -3032 -3033 -3034 -3035 -3036 -3037 -3038 -3039 -3040 -3041 -3042 -3043
v -3044 -3045 -3046 -3047 -3048 -3049 -3050 -3051 -3052 -3053 -3054 -3055
v -3056 -3057 -3058 -3059 -3060 -3061 -3062 -3063 -3064 -3065 -3066 -3067
v -3068 -3069 -3070 -3071 -3072 -3073 -3074 -3075 -3076 -3077 -3078 -3079
v -3080 -3081 -3082 -3083 -3084 -3085 -3086 -3087 -3088 -3089 -3090 -3091
v -3092 -3093 -3094 -3095 -3096 -3097 -3098 -3099 -3100 -3101 -3102 -3103
v -3104 -3105 -3106 -3107 -3108 -3109 -3110 -3111 -3112 -3113 -3114 -3115
v -3116 -3117 -3118 -3119 -3120 -3121 -3122 -3123 -3124 -3125 -3126 -3127
v -3128 -3129 -3130 -3131 3132 -3133 -3134 -3135 -3136 -3137 -3138 -3139 -3140
v -3141 -3142 -3143 -3144 -3145 -3146 -3147 -3148 -3149 -3150 -3151 -3152
v -3153 -3154 -3155 -3156 -3157 -3158 -3159 -3160 -3161 -3162 -3163 -3164
v -3165 -3166 -3167 -3168 -3169 -3170 -3171 -3172 -3173 -3174 -3175 -3176
v -3177 -3178 -3179 -3180 -3181 -3182 -3183 -3184 -3185 -3186 -3187 -3188
v -3189 -3190 -3191 -3192 -3193 -3194 -3195 -3196 -3197 -3198 -3199 -3200
v -3201 -3202 -3203 -3204 -3205 -3206 -3207 -3208 -3209 -3210 -3211 -3212
v -3213 -3214 -3215 -3216 -3217 -3218 -3219 -3220 -3221 -3222 -3223 -3224
v -3225 -3226 -3227 -3228 -3229 -3230 -3231 -3232 -3233 -3234 -3235 -3236
v -3237 -3238 -3239 -3240 -3241 -3242 -3243 -3244 -3245 -3246 -3247 -3248
v -3249 -3250 -3251 -3252 -3253 -3254 -3255 -3256 -3257 -3258 -3259 -3260
v -3261 -3262 -3263 -3264 -3265 -3266 -3267 -3268 -3269 -3270 -3271 -3272
v -3273 -3274 -3275 -3276 -3277 -3278 -3279 -3280 -3281 -3282 -3283 -3284
v -3285 -3286 -3287 -3288 -3289 -3290 -3291 -3292 -3293 -3294 -3295 -3296
v -3297 -3298 -3299 -3300 -3301 -3302 -3303 -3304 -3305 -3306 -3307 -3308
v -3309 -3310 -3311 -3312 -3313 -3314 -3315 -3316 -3317 -3318 -3319 -3320
v -3321 -3322 -3323 -3324 -3325 -3326 -3327 -3328 -3329 -3330 -3331 -3332
v -3333 -3334 -3335 -3336 -3337 -3338 -3339 -3340 -3341 -3342 -3343 -3344
v -3345 -3346 -3347 -3348 -3349 -3350 -3351 -3352 3353 -3354 -3355 -3356 -3357
v -3358 -3359 -3360 -3361 -3362 -3363 -3364 -3365 -3366 -3367 -3368 -3369
v -3370 -3371 -3372 -3373 -3374 -3375 -3376 -3377 -3378 -3379 -3380 -3381
v -3382 -3383 -3384 -3385 -3386 -3387 -3388 -3389 -3390 -3391 -3392 -3393
v -3394 -3395 -3396 -3397 -3398 -3399 -3400 -3401 -3402 -3403 -3404 -3405
v -3406 -3407 -3408 -3409 -3410 -3411 -3412 -3413 -3414 -3415 -3416 -3417
v -3418 -3419 -3420 -3421 -3422 -3423 -3424 -3425 -3426 -3427 -3428 -3429
v -3430 -3431 -3432 -3433 -3434 -3435 -3436 -3437 -3438 -3439 -3440 -3441
v -3442 -3443 -3444 -3445 -3446 -3447 -3448 -3449 -3450 -3451 -3452 -3453
v -3454 -3455 -3456 -3457 -3458 -3459 -3460 -3461 -3462 -3463 -3464 -3465
v -3466 -3467 -3468 -3469 -3470 -3471 -3472 -3473 -3474 -3475 -3476 -3477
v -3478 -3479 -3480 -3481 -3482 -3483 -3484 -3485 -3486 -3487 -3488 -3489
v -3490 -3491 -3492 -3493 -3494 -3495 3496 -3497 -3498 -3499 -3500 -3501 -3502
v -3503 -3504 -3505 -3506 -3507 -3508 -3509 -3510 -3511 -3512 -3513 -3514
v -3515 -3516 -3517 -3518 -3519 -3520 -3521 -3522 -3523 -3524 -3525 -3526
v -3527 -3528 -3529 -3530 -3531 -3532 -3533 -3534 -3535 -3536 -3537 -3538
v -3539 -3540 -3541 -3542 -3543 -3544 -3545 -3546 -3547 -3548 -3549 -3550
v -3551 -3552 -3553 -3554 -3555 -3556 -3557 -3558 -3559 -3560 -3561 -3562
v -3563 -3564 -3565 -3566 -3567 -3568 -3569 -3570 -3571 -3572 -3573 -3574
v -3575 -3576 -3577 -3578 -3579 -3580 -3581 -3582 -3583 -3584 -3585 -3586
v -3587 -3588 -3589 -3590 -3591 -3592 -3593 -3594 -3595 -3596 -3597 -3598
v -3599 -3600 -3601 -3602 -3603 -3604 -3605 -3606 -3607 -3608 -3609 -3610
v -3611 -3612 -3613 -3614 -3615 -3616 3617 -3618 -3619 -3620 -3621 -3622 -3623
v -3624 -3625 -3626 -3627 -3628 -3629 -3630 -3631 -3632 -3633 -3634 -3635
v -3636 -3637 -3638 -3639 -3640 -3641 -3642 -3643 -3644 -3645 -3646 -3647
v -3648 -3649 -3650 -3651 -3652 -3653 -3654 -3655 -3656 -3657 -3658 -3659
v -3660 -3661 -3662 -3663 -3664 -3665 -3666 -3667 -3668 -3669 3670 -3671 -3672
v -3673 -3674 -3675 -3676 -3677 -3678 -3679 -3680 -3681 -3682 -3683 -3684
v -3685 -3686 -3687 -3688 -3689 -3690 -3691 -3692 -3693 -3694 -3695 -3696
v -3697 -3698 -3699 -3700 -3701 -3702 -3703 -3704 -3705 -3706 -3707 -3708
v -3709 -3710 -3711 -3712 -3713 -3714 -3715 -3716 -3717 -3718 -3719 -3720
v -3721 -3722 -3723 -3724 -3725 -3726 -3727 -3728 -3729 -3730 -3731 -3732
v -3733 -3734 -3735 -3736 -3737 -3738 -3739 -3740 -3741 -3742 -3743 -3744
v -3745 -3746 -3747 -3748 -3749 -3750 -3751 -3752 -3753 -3754 -3755 -3756
v -3757 -3758 -3759 -3760 -3761 -3762 -3763 -3764 -3765 -3766 -3767 -3768
v -3769 -3770 -3771 -3772 -3773 -3774 -3775 -3776 -3777 -3778 -3779 -3780
v -3781 -3782 -3783 -3784 -3785 -3786 -3787 -3788 -3789 -3790 -3791 -3792
v -3793 -3794 -3795 -3796 -3797 -3798 -3799 -3800 -3801 -3802 -3803 -3804
v -3805 -3806 -3807 -3808 -3809 -3810 -3811 -3812 -3813 -3814 -3815 -3816
v -3817 -3818 -3819 -3820 -3821 -3822 -3823 -3824 -3825 -3826 -3827 -3828
v -3829 -3830 -3831 -3832 -3833 -3834 -3835 -3836 -3837 -3838 -3839 -3840 3841
v -3842 -3843 -3844 -3845 -3846 -3847 -3848 -3849 -3850 -3851 -3852 -3853
v -3854 -3855 -3856 -3857 -3858 -3859 -3860 -3861 -3862 -3863 -3864 -3865
v -3866 -3867 -3868 -3869 -3870 -3871 -3872 -3873 -3874 -3875 -3876 -3877
v -3878 -3879 -3880 -3881 -3882 -3883 -3884 -3885 -3886 -3887 -3888 -3889
v -3890 -3891 -3892 -3893 -3894 -3895 -3896 -3897 -3898 -3899 -3900 -3901
v -3902 -3903 -3904 -3905 -3906 -3907 -3908 -3909 -3910 -3911 -3912 -3913
v -3914 -3915 -3916 -3917 -3918 -3919 -3920 -3921 -3922 -3923 -3924 -3925
v -3926 -3927 -3928 -3929 -3930 -3931 -3932 -3933 -3934 -3935 -3936 -3937
v -3938 -3939 -3940 -3941 -3942 -3943 -3944 -3945 -3946 -3947 -3948 -3949
v -3950 -3951 -3952 -3953 3954 -3955 -3956 -3957 -3958 -3959 -3960 -3961 -3962
v -3963 -3964 -3965 -3966 -3967 -3968 -3969 -3970 -3971 -3972 -3973 -3974
v -3975 -3976 -3977 -3978 -3979 -3980 -3981 -3982 -3983 -3984 -3985 -3986
v -3987 -3988 -3989 -3990 -3991 -3992 -3993 -3994 -3995 -3996 -3997 -3998
v -3999 -4000 -4001 -4002 -4003 -4004 -4005 -4006 -4007 -4008 -4009 -4010
v -4011 -4012 -4013 -4014 -4015 -4016 -4017 -4018 -4019 -4020 -4021 -4022
v -4023 -4024 -4025 -4026 -4027 -4028 -4029 -4030 -4031 -4032 -4033 -4034
v -4035 -4036 -4037 -4038 -4039 -4040 -4041 -4042 -4043 -4044 -4045 -4046
v -4047 -4048 -4049 -4050 -4051 -4052 -4053 -4054 -4055 -4056 -4057 -4058
v -4059 -4060 -4061 -4062 -4063 -4064 -4065 4066 -4067 -4068 -4069 -4070 -4071
v -4072 -4073 -4074 -4075 -4076 -4077 -4078 -4079 -4080 -4081 -4082 -4083
v -4084 -4085 -4086 -4087 -4088 -4089 -4090 -4091 -4092 -4093 -4094 -4095
v -4096 -4097 -4098 -4099 -4100 -4101 -4102 -4103 -4104 -4105 -4106 -4107
v -4108 -4109 -4110 -4111 -4112 -4113 -4114 -4115 -4116 -4117 -4118 -4119
v -4120 -4121 -4122 -4123 -4124 -4125 -4126 -4127 -4128 -4129 -4130 -4131
v -4132 -4133 -4134 -4135 -4136 -4137 -4138 -4139 -4140 -4141 -4142 -4143
v -4144 -4145 -4146 -4147 -4148 -4149 -4150 -4151 -4152 -4153 -4154 -4155
v -4156 -4157 -4158 -4159 -4160 -4161 -4162 -4163 -4164 -4165 -4166 -4167
v -4168 -4169 -4170 -4171 -4172 -4173 -4174 -4175 -4176 -4177 -4178 -4179
v -4180 -4181 -4182 -4183 -4184 -4185 -4186 -4187 -4188 -4189 -4190 -4191
v -4192 -4193 -4194 -4195 -4196 -4197 -4198 -4199 -4200 -4201 -4202 -4203
v -4204 4205 -4206 -4207 -4208 -4209 -4210 -4211 -4212 -4213 -4214 -4215 -4216
v -4217 -4218 -4219 -4220 -4221 -4222 -4223 -4224 -4225 -4226 -4227 -4228
v -4229 -4230 -4231 -4232 -4233 -4234 -4235 -4236 -4237 -4238 -4239 -4240
v -4241 -4242 -4243 -4244 -4245 -4246 -4247 -4248 -4249 -4250 0
c
c ---- [ profiling ] ---------------------------------------------------------
c
c          52.79   95.85 %  search
c          32.85   59.65 %  focused
c          19.94   36.21 %  stable
c           2.23    4.05 %  simplify
c           1.55    2.82 %  probe
c           1.08    1.97 %  substitute
c           0.91    1.66 %  reduce
c           0.44    0.79 %  walking
c           0.27    0.48 %  transitive
c           0.17    0.31 %  autarky
c           0.10    0.18 %  vivify
c           0.09    0.17 %  failed
c           0.07    0.13 %  eliminate
c           0.05    0.10 %  parse
c =============================================
c          55.08  100.00 %  total
c
c ---- [ statistics ] --------------------------------------------------------
c
c conflicts:                          1002724            18205.71 per second
c decisions:                          1458950                1.45 per conflict
c propagations:                     127482715          2314608    per second
c reductions:                              81            12379    interval
c rephased:                                44            22789    interval
c restarts:                             16723               59.96 interval
c MAB stats : 99 103 
c
c ---- [ resources ] ---------------------------------------------------------
c
c maximum-resident-set-size:        141185024 bytes        135 MB
c process-time:                            55s              55.08 seconds
c
c ---- [ shutting down ] -----------------------------------------------------
c
c exit 10
