-- Solver:kissat-original --
-- 5-Coloring --
c ---- [ banner ] ------------------------------------------------------------
c
c Kissat SAT Solver
c 
c Copyright (c) 2021-2024 Armin Biere University of Freiburg
c Copyright (c) 2019-2021 Armin Biere Johannes Kepler University Linz
c 
c Version sc2024 d776b9e1002a822b821e1926835145300580fbea
c gcc (Ubuntu 11.4.0-1ubuntu1~22.04) 11.4.0 -W -Wall -O3 -DNDEBUG
c Tue Jul 22 20:33:47 -03 2025 Linux icuff-Z790-UD 6.8.0-60-generic x86_64
c
c ---- [ parsing ] -----------------------------------------------------------
c
c opened and reading DIMACS file:
c
c   1-FullIns_4.cnf
c
c parsed 'p cnf 465 3058' header
c closing input after reading 36348 bytes (35 KB)
c finished parsing after 0.00 seconds
c
c ---- [ solving ] -----------------------------------------------------------
c
c  seconds switched rate     size/glue tier1  binary    remaining
c         MB reductions conflicts size  tier2  irredundant
c          level restarts redundant glue  trail     variables
c
c *  0.00  3 0 0 0  0 0   0   0 0.0 0 0 0 0 0% 2965 93 465 100%
c lucky in forward setting literals to false
c l  0.00  3 0 0 0  0 0   0   0 0.0 0 0 0 0 0% 2965 93 465 100%
c 1  0.00  3 0 0 0  0 0   0   0 0.0 0 0 0 0 0% 2965 93 465 100%
c
c ---- [ result ] ------------------------------------------------------------
c
s SATISFIABLE
v -1 -2 -3 -4 5 -6 -7 -8 9 -10 -11 -12 -13 -14 15 -16 -17 -18 19 -20 -21 -22
v -23 -24 25 -26 -27 -28 29 -30 -31 -32 33 -34 -35 -36 37 -38 -39 -40 41 -42
v -43 -44 -45 -46 -47 -48 -49 50 -51 -52 53 -54 -55 -56 -57 -58 -59 60 -61 -62
v 63 -64 -65 -66 -67 -68 -69 70 -71 72 -73 -74 -75 -76 -77 78 -79 -80 -81 82
v -83 -84 -85 86 -87 -88 -89 -90 -91 -92 -93 -94 95 -96 -97 -98 99 -100 -101
v -102 -103 -104 105 -106 -107 -108 109 -110 -111 -112 -113 -114 115 -116 -117
v -118 119 -120 -121 -122 -123 124 -125 -126 -127 -128 129 -130 -131 -132 -133
v 134 -135 -136 -137 138 -139 -140 -141 -142 -143 144 -145 -146 147 -148 -149
v -150 -151 152 -153 -154 -155 -156 -157 -158 159 -160 161 -162 -163 -164 -165
v -166 -167 -168 169 -170 -171 172 -173 -174 -175 -176 -177 -178 179 -180 -181
v -182 183 -184 -185 -186 187 -188 -189 -190 191 -192 -193 -194 -195 -196 -197
v 198 -199 -200 -201 -202 203 -204 -205 -206 -207 208 -209 -210 -211 -212 213
v -214 -215 -216 217 -218 -219 -220 -221 222 -223 -224 -225 -226 -227 228 -229
v -230 -231 232 -233 -234 -235 236 -237 -238 -239 -240 -241 -242 -243 244 -245
v -246 -247 -248 249 -250 -251 -252 -253 254 -255 -256 -257 -258 259 -260 -261
v -262 -263 264 -265 -266 -267 -268 269 -270 -271 -272 -273 274 -275 -276 -277
v -278 279 -280 -281 -282 -283 284 -285 -286 -287 288 -289 -290 -291 -292 -293
v 294 -295 -296 297 -298 -299 -300 -301 -302 -303 -304 305 -306 -307 -308 -309
v 310 -311 -312 -313 -314 315 -316 -317 -318 -319 320 -321 -322 -323 -324 325
v -326 -327 -328 -329 330 -331 -332 -333 -334 335 -336 -337 -338 -339 340 -341
v -342 -343 -344 345 -346 -347 -348 -349 350 -351 -352 -353 -354 355 -356 -357
v -358 -359 360 -361 -362 -363 -364 365 -366 -367 -368 -369 370 -371 -372 -373
v -374 375 -376 -377 -378 -379 380 -381 -382 -383 -384 385 -386 -387 -388 -389
v 390 -391 -392 -393 -394 395 -396 -397 -398 -399 400 -401 -402 -403 -404 405
v -406 -407 -408 -409 410 -411 -412 -413 -414 415 -416 -417 -418 -419 420 -421
v -422 -423 -424 425 -426 -427 -428 -429 430 -431 -432 -433 -434 435 -436 -437
v -438 -439 440 -441 -442 -443 -444 445 -446 -447 -448 -449 450 -451 -452 -453
v 454 -455 -456 -457 -458 -459 460 -461 -462 463 -464 -465 0
c
c ---- [ profiling ] ---------------------------------------------------------
c
c           0.00   77.93 %  parse
c           0.00    4.63 %  lucky
c           0.00    0.00 %  search
c           0.00    0.00 %  simplify
c =============================================
c           0.00  100.00 %  total
c
c ---- [ statistics ] --------------------------------------------------------
c
c conflicts:                                0                0.00 per second
c decisions:                                0                0.00 per conflict
c propagations:                           465           406824    per second
c switched:                                 0                0    interval
c
c ---- [ glue usage ] --------------------------------------------------------
c
c no clauses used at all
c
c ---- [ resources ] ---------------------------------------------------------
c
c maximum-resident-set-size:          3407872 bytes          3 MB
c process-time:                                              0.00 seconds
c
c ---- [ shutting down ] -----------------------------------------------------
c
c exit 10
-- Tempo de CPU total = 0.000665 --
-- Solver:kissat-mab-dc --
-- 5-Coloring --
c ---- [ banner ] ------------------------------------------------------------
c
c KISSAT SAT Solver
c Copyright (c) 2019-2020 Armin Biere JKU Linz
c 
c Version 1.0.3 79d8d8f20465e71fd2b0f193b468898cd803a59a
c gcc (Ubuntu 11.4.0-1ubuntu1~22.04) 11.4.0 -W -Wall -O3 -DNEMBEDDED -DNDEBUG -DNMETRICS -DNSTATISTICS
c Tue Jul 22 20:34:17 -03 2025 Linux icuff-Z790-UD 6.8.0-60-generic x86_64
c
c ---- [ parsing ] -----------------------------------------------------------
c
c opened and reading DIMACS file:
c 
c   1-FullIns_4.cnf
c 
c parsed 'p cnf 465 3058' header
c closing input after reading 36348 bytes (35 KB)
c finished parsing after 0.00 seconds
c
c ---- [ solving ] -----------------------------------------------------------
c
c  seconds reductions redundant irredundant
c         MB   restarts    trail    variables
c          level  conflicts   glue      remaining
c
c *  0.00  2 0  0  0   0   0 0% 0 3058 465 100%
c {  0.00  2 0  0  0   0   0 0% 0 3058 465 100%
c }  0.00  2 43  0  0   7   7 79% 6 3058 465 100%
c 1  0.00  2 43  0  0   7   7 79% 6 3058 465 100%
c
c ---- [ result ] ------------------------------------------------------------
c
s SATISFIABLE
v 1 -2 -3 -4 -5 -6 7 -8 -9 -10 -11 -12 -13 14 -15 -16 17 -18 -19 -20 21 -22
v -23 -24 -25 26 -27 -28 -29 -30 -31 32 -33 -34 -35 36 -37 -38 -39 -40 -41 -42
v -43 44 -45 -46 -47 48 -49 -50 -51 52 -53 -54 -55 -56 -57 58 -59 -60 -61 62
v -63 -64 -65 -66 -67 68 -69 -70 -71 -72 73 -74 -75 -76 77 -78 -79 -80 -81 -82
v 83 -84 -85 -86 -87 88 -89 -90 91 -92 -93 -94 -95 96 -97 -98 -99 -100 101
v -102 -103 -104 -105 106 -107 -108 -109 -110 111 -112 -113 -114 -115 116 -117
v -118 -119 -120 121 -122 -123 -124 -125 126 -127 -128 -129 -130 131 -132 -133
v -134 -135 -136 137 -138 -139 -140 141 -142 -143 -144 -145 -146 -147 148 -149
v -150 -151 -152 153 154 155 -156 -157 -158 -159 160 -161 -162 -163 164 165
v -166 -167 -168 169 170 -171 -172 -173 -174 175 176 -177 -178 -179 180 -181
v -182 -183 -184 185 -186 -187 -188 -189 190 -191 -192 -193 194 195 -196 -197
v 198 199 200 -201 -202 203 -204 205 -206 -207 208 209 210 -211 -212 213 214
v 215 -216 -217 -218 -219 220 -221 -222 -223 -224 225 -226 -227 -228 -229 230
v -231 -232 -233 -234 235 -236 -237 238 239 240 241 -242 -243 244 245 246 -247
v -248 249 250 251 -252 -253 254 255 256 -257 -258 259 260 261 -262 -263 264
v 265 266 -267 -268 269 270 271 -272 -273 274 275 276 -277 -278 279 280 281
v -282 -283 284 285 -286 -287 -288 289 290 291 -292 -293 294 295 -296 -297 298
v 299 300 -301 302 -303 -304 -305 -306 307 -308 -309 -310 -311 312 -313 -314
v -315 -316 317 -318 -319 -320 -321 322 -323 -324 -325 -326 327 -328 -329 -330
v -331 332 -333 -334 -335 -336 337 -338 -339 -340 -341 342 -343 -344 -345 -346
v 347 -348 -349 -350 -351 352 -353 -354 -355 -356 357 -358 -359 -360 -361 362
v -363 -364 -365 -366 367 -368 -369 -370 -371 372 -373 -374 -375 -376 377 -378
v -379 -380 -381 382 -383 -384 -385 -386 387 -388 -389 -390 -391 392 -393 -394
v -395 -396 397 -398 -399 -400 -401 402 -403 -404 -405 -406 407 -408 -409 -410
v -411 412 -413 -414 -415 -416 417 -418 -419 -420 -421 422 -423 -424 -425 -426
v 427 -428 -429 -430 -431 432 -433 -434 -435 -436 437 -438 -439 -440 -441 442
v -443 -444 -445 -446 447 -448 -449 -450 451 -452 -453 -454 -455 -456 457 -458
v -459 -460 -461 -462 463 464 465 0
c
c ---- [ profiling ] ---------------------------------------------------------
c
c           0.00   61.61 %  parse
c           0.00   20.76 %  search
c           0.00   12.72 %  focused
c           0.00    0.00 %  simplify
c =============================================
c           0.00  100.00 %  total
c
c ---- [ statistics ] --------------------------------------------------------
c
c conflicts:                                7             7551.24 per second
c decisions:                              113               16.14 per conflict
c propagations:                           627           676375    per second
c MAB stats : 1 0 
c
c ---- [ resources ] ---------------------------------------------------------
c
c maximum-resident-set-size:          2621440 bytes          2 MB
c process-time:                             0s               0.00 seconds
c
c ---- [ shutting down ] -----------------------------------------------------
c
c exit 10
-- Tempo de CPU total = 0.000000 --
-- Solver:hKis --
-- 5-Coloring --
-- Tempo de CPU total = 0.004984 --
c ['--target=1', '--walkinitially=true', '--chrono=true']
c BVA ran successfully!
s SATISFIABLE
v 1 -2 -3 -4 -5 -6 -7 -8 -9 10 11 -12 -13 -14 -15 -16 -17 -18 -19 20 -21 22 -23 -24 -25 -26 27 -28 -29 -30 -31 -32 -33 -34 35 -36 37 -38 -39 -40 41 -42 -43 -44 -45 -46 -47 -48 49 -50 -51 -52 -53 54 -55 -56 -57 -58 59 -60 -61 -62 -63 64 -65 -66 -67 -68 69 -70 -71 -72 -73 74 -75 -76 -77 -78 -79 80 -81 -82 -83 84 -85 86 -87 -88 -89 -90 -91 -92 -93 -94 95 -96 -97 -98 -99 100 -101 -102 -103 -104 105 -106 -107 -108 -109 110 -111 112 -113 -114 -115 -116 117 -118 -119 -120 -121 122 -123 -124 -125 -126 127 -128 -129 -130 -131 132 -133 -134 -135 -136 -137 -138 139 -140 -141 142 -143 -144 -145 146 -147 -148 -149 -150 -151 152 153 -154 -155 -156 157 158 -159 -160 161 -162 163 -164 -165 -166 -167 168 -169 -170 -171 172 -173 -174 -175 -176 177 -178 -179 -180 -181 -182 183 -184 -185 -186 187 -188 -189 -190 -191 -192 193 -194 -195 196 -197 198 199 -200 -201 -202 -203 204 -205 206 -207 208 209 -210 -211 -212 -213 214 -215 -216 -217 218 219 -220 -221 -222 223 224 -225 -226 -227 228 229 -230 -231 -232 233 234 -235 -236 -237 238 239 -240 -241 242 -243 -244 -245 -246 247 -248 -249 -250 -251 252 -253 -254 -255 -256 -257 258 -259 -260 -261 262 -263 -264 -265 -266 267 -268 -269 -270 -271 -272 273 -274 -275 -276 277 -278 -279 -280 -281 -282 283 -284 -285 -286 -287 288 289 -290 -291 292 -293 -294 -295 -296 -297 298 -299 -300 301 -302 -303 -304 -305 -306 -307 -308 -309 310 311 -312 -313 -314 -315 -316 -317 -318 -319 320 -321 -322 -323 -324 325 -326 -327 -328 -329 330 331 -332 -333 -334 335 -336 -337 -338 -339 340 341 -342 -343 -344 345 346 -347 -348 -349 -350 -351 -352 -353 -354 355 356 -357 -358 -359 -360 361 -362 -363 -364 365 -366 -367 -368 -369 370 -371 -372 -373 -374 375 376 -377 -378 -379 380 -381 -382 -383 -384 385 386 -387 -388 -389 390 -391 -392 -393 -394 395 -396 -397 -398 -399 400 -401 -402 -403 -404 405 -406 -407 -408 -409 410 -411 -412 -413 -414 415 -416 -417 -418 -419 420 -421 -422 -423 -424 425 -426 -427 -428 -429 430 -431 -432 -433 -434 435 436 -437 -438 -439 440 -441 -442 -443 -444 445 446 -447 -448 -449 450 -451 -452 -453 454 -455 -456 -457 -458 -459 460 -461 462 -463 -464 -465 0

-- Tempo de CPU total = 0.000704 --
