-- Solver:kissat-original --
-- 4-Coloring --
c ---- [ banner ] ------------------------------------------------------------
c
c Kissat SAT Solver
c 
c Copyright (c) 2021-2024 Armin Biere University of Freiburg
c Copyright (c) 2019-2021 Armin Biere Johannes Kepler University Linz
c 
c Version sc2024 d776b9e1002a822b821e1926835145300580fbea
c gcc (Ubuntu 11.4.0-1ubuntu1~22.04) 11.4.0 -W -Wall -O3 -DNDEBUG
c Tue Jul 22 20:33:47 -03 2025 Linux icuff-Z790-UD 6.8.0-60-generic x86_64
c
c ---- [ parsing ] -----------------------------------------------------------
c
c opened and reading DIMACS file:
c
c   3-Insertions_3.cnf
c
c parsed 'p cnf 224 496' header
c closing input after reading 5897 bytes (6 KB)
c finished parsing after 0.00 seconds
c
c ---- [ solving ] -----------------------------------------------------------
c
c  seconds switched rate     size/glue tier1 binary    remaining
c         MB reductions conflicts size  tier2 irredundant
c          level restarts redundant glue  trail    variables
c
c *  0.00  3 0 0 0  0 0   0   0 0.0 0 0 0 0 0% 440 56 224 100%
c lucky in forward setting literals to false
c l  0.00  3 0 0 0  0 0   0   0 0.0 0 0 0 0 0% 440 56 224 100%
c 1  0.00  3 0 0 0  0 0   0   0 0.0 0 0 0 0 0% 440 56 224 100%
c
c ---- [ result ] ------------------------------------------------------------
c
s SATISFIABLE
v -1 -2 -3 4 -5 -6 7 -8 -9 -10 -11 12 -13 -14 15 -16 -17 -18 -19 20 -21 -22 23
v -24 -25 -26 -27 28 -29 -30 31 -32 -33 -34 -35 36 -37 -38 39 -40 -41 42 -43
v -44 -45 -46 -47 48 -49 -50 51 -52 -53 -54 -55 56 -57 -58 59 -60 -61 -62 -63
v 64 -65 -66 67 -68 -69 -70 -71 72 -73 -74 75 -76 -77 -78 -79 80 -81 -82 83
v -84 -85 86 -87 -88 -89 -90 -91 92 -93 -94 95 -96 -97 -98 -99 100 -101 -102
v 103 -104 -105 -106 -107 108 -109 -110 111 -112 -113 -114 -115 116 -117 -118
v 119 -120 -121 -122 -123 124 -125 -126 127 -128 -129 130 -131 -132 -133 -134
v -135 136 -137 -138 139 -140 -141 -142 -143 144 -145 -146 147 -148 -149 -150
v -151 152 -153 -154 155 -156 -157 -158 -159 160 -161 -162 163 -164 -165 -166
v -167 168 -169 -170 171 -172 -173 174 -175 -176 -177 -178 -179 180 -181 -182
v 183 -184 -185 -186 -187 188 -189 -190 191 -192 -193 -194 -195 196 -197 -198
v 199 -200 -201 -202 -203 204 -205 -206 207 -208 -209 -210 -211 212 -213 -214
v 215 -216 -217 218 -219 -220 221 -222 -223 -224 0
c
c ---- [ profiling ] ---------------------------------------------------------
c
c           0.00   77.37 %  parse
c           0.00    3.55 %  lucky
c           0.00    0.00 %  search
c           0.00    0.00 %  simplify
c =============================================
c           0.00  100.00 %  total
c
c ---- [ statistics ] --------------------------------------------------------
c
c conflicts:                                0                0.00 per second
c decisions:                                0                0.00 per conflict
c propagations:                           224           168168    per second
c switched:                                 0                0    interval
c
c ---- [ glue usage ] --------------------------------------------------------
c
c no clauses used at all
c
c ---- [ resources ] ---------------------------------------------------------
c
c maximum-resident-set-size:          3407872 bytes          3 MB
c process-time:                                              0.00 seconds
c
c ---- [ shutting down ] -----------------------------------------------------
c
c exit 10
-- Tempo de CPU total = 0.000041 --
-- Solver:kissat-mab-dc --
-- 4-Coloring --
c ---- [ banner ] ------------------------------------------------------------
c
c KISSAT SAT Solver
c Copyright (c) 2019-2020 Armin Biere JKU Linz
c 
c Version 1.0.3 79d8d8f20465e71fd2b0f193b468898cd803a59a
c gcc (Ubuntu 11.4.0-1ubuntu1~22.04) 11.4.0 -W -Wall -O3 -DNEMBEDDED -DNDEBUG -DNMETRICS -DNSTATISTICS
c Tue Jul 22 20:34:17 -03 2025 Linux icuff-Z790-UD 6.8.0-60-generic x86_64
c
c ---- [ parsing ] -----------------------------------------------------------
c
c opened and reading DIMACS file:
c 
c   3-Insertions_3.cnf
c 
c parsed 'p cnf 224 496' header
c closing input after reading 5897 bytes (6 KB)
c finished parsing after 0.00 seconds
c
c ---- [ solving ] -----------------------------------------------------------
c
c  seconds reductions redundant irredundant
c         MB   restarts    trail   variables
c          level  conflicts   glue     remaining
c
c *  0.00  2 0  0  0   0   0 0% 0 496 224 100%
c {  0.00  2 0  0  0   0   0 0% 0 496 224 100%
c }  0.00  2 0  0  0   0   0 0% 0 496 224 100%
c 1  0.00  2 0  0  0   0   0 0% 0 496 224 100%
c
c ---- [ result ] ------------------------------------------------------------
c
s SATISFIABLE
v 1 -2 -3 -4 -5 -6 7 -8 -9 10 -11 -12 -13 14 -15 -16 17 -18 -19 -20 21 -22 -23
v -24 -25 26 -27 -28 -29 30 -31 -32 33 -34 -35 -36 37 -38 -39 -40 -41 42 -43
v -44 -45 -46 -47 48 -49 -50 51 52 -53 54 -55 56 -57 58 59 60 -61 -62 63 64
v -65 -66 67 68 -69 70 71 72 -73 74 75 76 -77 -78 79 80 -81 -82 83 84 -85 86
v 87 88 89 -90 -91 -92 93 -94 -95 -96 97 -98 -99 -100 101 -102 -103 -104 105
v -106 -107 -108 109 -110 -111 -112 113 -114 -115 -116 117 -118 -119 -120 121
v -122 -123 -124 125 -126 -127 -128 129 -130 -131 -132 -133 134 135 136 -137
v 138 139 140 -141 142 143 144 -145 146 147 148 -149 150 151 152 -153 154 155
v 156 -157 158 159 160 -161 162 163 164 -165 166 167 168 -169 170 171 172 -173
v 174 175 176 177 -178 -179 -180 181 -182 -183 -184 185 -186 -187 -188 189
v -190 -191 -192 193 -194 -195 -196 197 -198 -199 -200 201 -202 -203 -204 205
v -206 -207 -208 209 -210 -211 -212 213 -214 -215 -216 217 -218 -219 -220 -221
v 222 223 224 0
c
c ---- [ profiling ] ---------------------------------------------------------
c
c           0.00   38.95 %  parse
c           0.00   31.46 %  search
c           0.00   13.11 %  focused
c           0.00    0.00 %  simplify
c =============================================
c           0.00  100.00 %  total
c
c ---- [ statistics ] --------------------------------------------------------
c
c conflicts:                                0                0.00 per second
c decisions:                               60                0.00 per conflict
c propagations:                           224           249443    per second
c MAB stats : 1 0 
c
c ---- [ resources ] ---------------------------------------------------------
c
c maximum-resident-set-size:          2416640 bytes          2 MB
c process-time:                             0s               0.00 seconds
c
c ---- [ shutting down ] -----------------------------------------------------
c
c exit 10
-- Tempo de CPU total = 0.000280 --
-- Solver:hKis --
-- 4-Coloring --
-- Tempo de CPU total = 0.000888 --
c ['--target=1', '--walkinitially=true', '--chrono=true']
c BVA ran successfully!
s SATISFIABLE
v 1 -2 -3 -4 -5 -6 7 -8 -9 10 -11 -12 -13 14 -15 -16 17 -18 -19 -20 21 -22 -23 -24 -25 26 -27 -28 -29 30 -31 -32 33 -34 -35 -36 37 -38 -39 -40 -41 42 -43 -44 -45 -46 -47 48 -49 -50 51 52 -53 54 -55 56 -57 58 59 60 -61 -62 63 64 -65 -66 67 68 -69 70 71 72 -73 74 75 76 -77 -78 79 80 -81 -82 83 84 -85 86 87 88 89 -90 -91 -92 93 -94 -95 -96 97 -98 -99 -100 101 -102 -103 -104 105 -106 -107 -108 109 -110 -111 -112 113 -114 -115 -116 117 -118 -119 -120 121 -122 -123 -124 125 -126 -127 -128 129 -130 -131 -132 -133 134 135 136 -137 138 139 140 -141 142 143 144 -145 146 147 148 -149 150 151 152 -153 154 155 156 -157 158 159 160 -161 162 163 164 -165 166 167 168 -169 170 171 172 -173 174 175 176 177 -178 -179 -180 181 -182 -183 -184 185 -186 -187 -188 189 -190 -191 -192 193 -194 -195 -196 197 -198 -199 -200 201 -202 -203 -204 205 -206 -207 -208 209 -210 -211 -212 213 -214 -215 -216 217 -218 -219 -220 -221 222 223 224 0

-- Tempo de CPU total = 0.000000 --
